253|2025-12-09T12:26:35.0710562+08:00|FFXIV_ACT_Plugin Version: 2.7.4.6 (50BCD605C50A749F)|68afeb3c5ea5350c
251|2025-12-09T12:26:35.0710562+08:00|Process ffxiv_dx11 (7384) 最终幻想XIV started on 2025/12/9 12:24:11 Found, Verifying.|bb023aa13fdb98e9
251|2025-12-09T12:26:35.0710562+08:00|Found possible FFXIV process 7384 with version file C:\WeGameApps\rail_apps\ffxiv(2000340)\game\ffxivgame.ver.|ffc41b13f3d96ac6
251|2025-12-09T12:26:35.0710562+08:00|Process ffxiv_dx11 (7384) Verified.|cb6a748678291b55
249|2025-12-09T12:26:35.0710562+08:00|Selected Language ID: Chinese, Disable Damage Shield: False, Disable Combine Pets: False, Parse Filter: Party, DoTCrits: False, RealDoTs: False|193b6b25a6118098
249|2025-12-09T12:26:35.0710562+08:00|Selected Process ID: 0, Dump All Network Data: False, Disable Combat Log: False|0f15c86afaf25bfe
251|2025-12-09T12:26:35.0710562+08:00|Process ffxiv_dx11 (7384) 最终幻想XIV started on 2025/12/9 12:24:11 Found, Verifying.|4f7a65849fb18dfb
251|2025-12-09T12:26:35.0710562+08:00|Found possible FFXIV process 7384 with version file C:\WeGameApps\rail_apps\ffxiv(2000340)\game\ffxivgame.ver.|ac53f230a5520192
251|2025-12-09T12:26:35.0710562+08:00|Process ffxiv_dx11 (7384) Verified.|17045c92adb5877a
256|2025-12-09T12:26:47.4963204+08:00|256|OverlayPlugin|RegisterLogLine|1|067e5fb55dfedd65
256|2025-12-09T12:26:47.5316389+08:00|257|OverlayPlugin|MapEffect|1|577f3677e031b50e
256|2025-12-09T12:26:47.5624600+08:00|258|OverlayPlugin|FateDirector|1|b5de4d4d47aa652d
256|2025-12-09T12:26:47.5654611+08:00|259|OverlayPlugin|CEDirector|1|24fe23c3a646844f
251|2025-12-09T12:26:47.5654611+08:00|Found Signature [PartyList] at offset [027356E0]|1af9776a7b130a54
251|2025-12-09T12:26:47.5654611+08:00|Found Signature [MobArray] at offset [0272FD30]|61875fcbc969426c
251|2025-12-09T12:26:47.5654611+08:00|Found Signature [ChatLog] at offset [02060D40]|3201a586fc46d9db
251|2025-12-09T12:26:47.5654611+08:00|Found Signature [Player] at offset [0294C758]|8e166d719241bedc
251|2025-12-09T12:26:47.5654611+08:00|Found Signature [ServerTime] at offset [0277C080]|dd4f1eedd332fde0
251|2025-12-09T12:26:47.5654611+08:00|Found Signature [MapID] at offset [027354F4]|2378dccd95cc84c6
251|2025-12-09T12:26:47.5654611+08:00|Found Signature [ZoneID] at offset [0291D4D8]|76c10714fffb2ee1
256|2025-12-09T12:26:48.1774774+08:00|260|OverlayPlugin|InCombat|1|35778f44fc6fe4cc
256|2025-12-09T12:26:48.8390360+08:00|261|OverlayPlugin|CombatantMemory|1|7bdce479c4fa0476
256|2025-12-09T12:26:48.8410406+08:00|262|OverlayPlugin|RSVData|1|a3601c0662e13618
256|2025-12-09T12:26:48.8420406+08:00|263|OverlayPlugin|ActorCastExtra|1|fcaf7c29cc2faa6d
256|2025-12-09T12:26:48.8430417+08:00|264|OverlayPlugin|AbilityExtra|1|f5bc4e75da42fec7
261|2025-12-09T12:26:48.8430417+08:00|Add|1052C5EC|CastTargetID|E0000000|CurrentMP|10000|CurrentWorldID|1076|Heading|-3.1402|Job|30|Level|100|MaxHP|145489|MaxMP|10000|Name|小祥客服|NPCTargetID|E0000000|PCTargetID|40002D36|PosX|0.3264|PosY|193.3114|PosZ|-600.0000|Radius|0.5000|Type|1|WorldID|1076|91769928f2a215b3
261|2025-12-09T12:26:48.8430417+08:00|Add|40002D36|BNpcID|2DE0|BNpcNameID|21D|CastTargetID|E0000000|CurrentWorldID|65535|Heading|-3.1407|Level|1|MaxHP|44|Name|木人|NPCTargetID|E0000000|PosX|0.3210|PosY|188.9882|PosZ|-600.0001|Radius|1.0000|Type|2|WorldID|65535|a0f6f0d1aa54cef1
261|2025-12-09T12:26:48.8430417+08:00|Add|40002CF1|BNpcID|1E8536|CastDurationCurrent|32.0000|CastDurationMax|0.0000|CastGroundTargetX|-351197400000000000000000.0000|CastGroundTargetY|0.0000|CastGroundTargetZ|0.0000|CastTargetID|491F481F|CurrentWorldID|36582|Heading|3.1416|IsCasting1|18|Level|49|MaxMP|788529153|ModelStatus|256|PCTargetID|32000000|PosX|0.0200|PosY|196.8749|PosZ|-600.0000|Radius|2.0000|Type|7|WorldID|140|d38669e62ee2096c
261|2025-12-09T12:26:48.8430417+08:00|Add|40002CF0|BNpcID|1E873C|BNpcNameID|2A01C700|CastDurationCurrent|0.0000|CastDurationMax|0.0000|CastGroundTargetY|128962.4000|CurrentWorldID|2562|Heading|0.0000|IsCasting1|130|IsCasting2|132|Level|115|MaxMP|1895825408|ModelStatus|2304|Name|捷径|NPCTargetID|9187E984|PCTargetID|EA02EA02|PosX|-11.0018|PosY|185.0156|PosZ|-599.9887|Radius|0.5000|Type|7|WeaponId|2|WorldID|49678|f2428d81fb556460
261|2025-12-09T12:26:48.8430417+08:00|Add|40002CFD|BNpcID|1EB0CF|BNpcNameID|5DFA2227|CastBuffID|3870394599|CastDurationCurrent|0.0000|CastDurationMax|0.0000|CastTargetID|100|CurrentMP|514|CurrentWorldID|256|Heading|0.0000|IsCasting1|168|IsCasting2|190|Level|181|MaxMP|-1291845631|Name|捷径|NPCTargetID|10100|PCTargetID|B18AE593|PosX|-11.0018|PosY|185.0156|PosZ|-600.0000|Radius|0.5000|Type|7|WeaponId|128|abd8eaa15f3b81a8
261|2025-12-09T12:26:48.8430417+08:00|Add|40002CF3|BNpcID|1E8FB8|BNpcNameID|E589B8E4|CastBuffID|1964995615|CastDurationMax|138528100000000.0000|CastGroundTargetY|0.0000|CastGroundTargetZ|0.0000|CastTargetID|B2B9E8B1|CurrentWorldID|39955|Heading|0.0000|IsCasting1|42|IsCasting2|251|Level|247|MaxMP|-184549375|ModelStatus|256|NPCTargetID|BB121902|PCTargetID|CA02BD01|PosX|-0.7878|PosY|127.2259|PosZ|-389.4648|Radius|2.0000|Type|7|WeaponId|1|WorldID|18171|b18a9e583a8ba332
261|2025-12-09T12:26:48.8430417+08:00|Add|40002CF2|BNpcID|1EAD8A|BNpcNameID|E88BB9E4|CastDurationCurrent|0.0000|CastDurationMax|0.0000|CastGroundTargetY|0.0000|CastGroundTargetZ|0.0000|CastTargetID|871F861F|CurrentWorldID|1540|Heading|0.0000|IsCasting1|22|Job|1|Level|57|MaxMP|922746880|ModelStatus|2304|NPCTargetID|100|PCTargetID|8F020000|PosX|0.2122|PosY|127.2259|PosZ|-389.1948|Radius|0.5000|Type|7|WeaponId|19|WorldID|20219|f9ca78823152dce2
251|2025-12-09T12:26:48.8430417+08:00|Found VTable for [ChatLog] at address [22F8445CF20]|d9eb6e4976d5e0f0
256|2025-12-09T12:26:50.0787301+08:00|265|OverlayPlugin|ContentFinderSettings|1|1aec1444d73cc328
256|2025-12-09T12:26:50.0807300+08:00|266|OverlayPlugin|NpcYell|1|cb3488fce25ac410
256|2025-12-09T12:26:50.0827325+08:00|267|OverlayPlugin|BattleTalk2|1|bd06f207fd56d9e0
256|2025-12-09T12:26:50.0847322+08:00|268|OverlayPlugin|Countdown|1|dfc544a53e0c6eb1
256|2025-12-09T12:26:50.0872479+08:00|269|OverlayPlugin|CountdownCancel|1|286814e743d1f884
256|2025-12-09T12:26:50.0892636+08:00|270|OverlayPlugin|ActorMove|1|a57005d3a24a7f28
256|2025-12-09T12:26:50.0912636+08:00|271|OverlayPlugin|ActorSetPos|1|26339f3bc0347d15
256|2025-12-09T12:26:50.0932633+08:00|272|OverlayPlugin|NpcSpawnExtra|1|48c9549648ee60d2
256|2025-12-09T12:26:50.0932633+08:00|273|OverlayPlugin|ActorControlExtra|1|25afaf7539c78681
256|2025-12-09T12:26:50.0932633+08:00|274|OverlayPlugin|ActorControlSelfExtra|1|7b14fad204a54af9
251|2025-12-09T12:26:50.0932633+08:00|DeucalionInjector: Successfully injected Deucalion dll into process id 7384.|f8c663f163fdf86c
251|2025-12-09T12:26:50.0932633+08:00|DeucalionClient: Debug Channel 9000 Opcode Debug message: SERVER HELLO. VERSION: 1.4.0. HOOK STATUS: RECV ON. SEND ON. SEND_LOBBY ON. CREATE_TARGET ON.|336f5d7e60a30d88
250|2025-12-09T12:26:50.0932633+08:00|Detected Process ID: 7384, Client Mode: FFXIV_64, IsAdmin: True, Game Version: 2025.10.23.0000.0000|4a18c37cf4997352
251|2025-12-09T12:26:50.0932633+08:00|DeucalionClient: Debug Channel Lobby Opcode Debug message: Packet filters set: 0b00010010|a45e885d5b57a049
251|2025-12-09T12:26:50.0932633+08:00|DeucalionClient: Debug Channel 9000 Opcode Debug message: CHANGED NICKNAME: FFXIV_ACT_Plugin (subscriber 0)|f2f31c7ed1724993
01|2025-12-09T12:26:50.4310000+08:00|50C|永久幽界中央终端|2bc564c21fd3fe20
40|2025-12-09T12:26:50.4310000+08:00|1055|无失世界|中央终端|中央终端下层|7f6f1dce7f0f60e4
265|2025-12-09T12:26:50.7154619+08:00|50C|永久幽界中央终端|True|0|0|0|1|0|5438d5c25a4dcd9c
02|2025-12-09T12:26:50.4310000+08:00|1052C5EC|小祥客服|eaae0d235bc9c262
03|2025-12-09T12:26:50.4310000+08:00|1052C5EC|小祥客服|1E|64|0000|434|BaiJinHuanXiang|0|0|145489|145489|10000|10000|||0.33|193.31|-600.00|-3.14|d0e2d59706d32296
03|2025-12-09T12:26:50.4310000+08:00|40002D36|木人|00|1|0000|00||541|11744|44|44|0|10000|||0.32|188.99|-600.00|-3.14|f3155d0b2f64e353
12|2025-12-09T12:26:50.4310000+08:00|30|377|4907|5130|286|328|440|4907|2171|1967|286|328|2247|592|420|420|40000BE01CDF89|666df170a7c79a04
265|2025-12-09T12:26:50.0932633+08:00|050C|Unknown Zone|True|0|0|0|1|0|0ea9da9af5d6d8b5
261|2025-12-09T12:26:51.0910000+08:00|Remove|1052C5EC|28d0e5f25068de5c
261|2025-12-09T12:26:51.0910000+08:00|Remove|40002CF0|cbee1cefb7929ef9
261|2025-12-09T12:26:51.0910000+08:00|Remove|40002CF1|405039f33f6df6f1
261|2025-12-09T12:26:51.0910000+08:00|Remove|40002CF2|6a0797bd6bad0d9a
261|2025-12-09T12:26:51.0910000+08:00|Remove|40002CF3|c7f598fc4d565a44
261|2025-12-09T12:26:51.0910000+08:00|Remove|40002D36|b8875ade17a2b9f6
261|2025-12-09T12:26:51.0910000+08:00|Remove|40002CFD|32d9027d2f7661d0
261|2025-12-09T12:26:51.6680000+08:00|Add|1052C5EC|CastTargetID|E0000000|CurrentMP|10000|CurrentWorldID|1076|Heading|-3.1402|Job|30|Level|100|MaxHP|145489|MaxMP|10000|Name|小祥客服|NPCTargetID|E0000000|PCTargetID|40002D36|PosX|0.3264|PosY|193.3114|PosZ|-600.0000|Radius|0.5000|Type|1|WorldID|1076|77da4da26158bbce
261|2025-12-09T12:26:51.6680000+08:00|Add|40002D36|BNpcID|2DE0|BNpcNameID|21D|CastTargetID|E0000000|CurrentWorldID|65535|Heading|-3.1407|Level|1|MaxHP|44|Name|木人|NPCTargetID|E0000000|PosX|0.3210|PosY|188.9882|PosZ|-600.0001|Radius|1.0000|Type|2|WorldID|65535|1defb9e78eb90f31
261|2025-12-09T12:26:51.6680000+08:00|Add|40002CF1|BNpcID|1E8536|CastDurationCurrent|32.0000|CastDurationMax|0.0000|CastGroundTargetX|-351197400000000000000000.0000|CastGroundTargetY|0.0000|CastGroundTargetZ|0.0000|CastTargetID|491F481F|CurrentWorldID|36582|Heading|3.1416|IsCasting1|18|Level|49|MaxMP|788529153|ModelStatus|256|PCTargetID|32000000|PosX|0.0200|PosY|196.8749|PosZ|-600.0000|Radius|2.0000|Type|7|WorldID|140|c90b633a54dec0d3
261|2025-12-09T12:26:51.6680000+08:00|Add|40002CF0|BNpcID|1E873C|BNpcNameID|2A01C700|CastDurationCurrent|0.0000|CastDurationMax|0.0000|CastGroundTargetY|128962.4000|CurrentWorldID|2562|Heading|0.0000|IsCasting1|130|IsCasting2|132|Level|115|MaxMP|1895825408|ModelStatus|2304|Name|捷径|NPCTargetID|9187E984|PCTargetID|EA02EA02|PosX|-11.0018|PosY|185.0156|PosZ|-599.9887|Radius|0.5000|Type|7|WeaponId|2|WorldID|49678|4d15bca9a647e256
261|2025-12-09T12:26:51.6680000+08:00|Add|40002CFD|BNpcID|1EB0CF|BNpcNameID|5DFA2227|CastBuffID|3870394599|CastDurationCurrent|0.0000|CastDurationMax|0.0000|CastTargetID|100|CurrentMP|514|CurrentWorldID|256|Heading|0.0000|IsCasting1|168|IsCasting2|190|Level|181|MaxMP|-1291845631|Name|捷径|NPCTargetID|10100|PCTargetID|B18AE593|PosX|-11.0018|PosY|185.0156|PosZ|-600.0000|Radius|0.5000|Type|7|WeaponId|128|69695866372c2a66
261|2025-12-09T12:26:51.6680000+08:00|Add|40002CF3|BNpcID|1E8FB8|BNpcNameID|E589B8E4|CastBuffID|1964995615|CastDurationMax|138528100000000.0000|CastGroundTargetY|0.0000|CastGroundTargetZ|0.0000|CastTargetID|B2B9E8B1|CurrentWorldID|39955|Heading|0.0000|IsCasting1|42|IsCasting2|251|Level|247|MaxMP|-184549375|ModelStatus|256|NPCTargetID|BB121902|PCTargetID|CA02BD01|PosX|-0.7878|PosY|127.2259|PosZ|-389.4648|Radius|2.0000|Type|7|WeaponId|1|WorldID|18171|5b8be763a8a5f239
261|2025-12-09T12:26:51.6680000+08:00|Add|40002CF2|BNpcID|1EAD8A|BNpcNameID|E88BB9E4|CastDurationCurrent|0.0000|CastDurationMax|0.0000|CastGroundTargetY|0.0000|CastGroundTargetZ|0.0000|CastTargetID|871F861F|CurrentWorldID|1540|Heading|0.0000|IsCasting1|22|Job|1|Level|57|MaxMP|922746880|ModelStatus|2304|NPCTargetID|100|PCTargetID|8F020000|PosX|0.2122|PosY|127.2259|PosZ|-389.1948|Radius|0.5000|Type|7|WeaponId|19|WorldID|20219|6a2f5baa9a691d31
260|2025-12-09T12:26:52.9350000+08:00|0|0|1|1|f1301283866bd72a
21|2025-12-09T12:27:20.4600000+08:00|1052C5EC|小祥客服|8D3|天之印|1052C5EC|小祥客服|100000E|1F08000|0|0|0|0|0|0|0|0|0|0|0|0|0|0|145489|145489|10000|10000|||0.25|193.30|-600.00|3.13|145489|145489|10000|10000|||0.25|193.30|-600.00|3.13|00000794|0|1|00||01|8D3|8D3|0.350|FF78|d4d6b6185b44e25e
264|2025-12-09T12:27:20.4600000+08:00|1052C5EC|08D3|00000794|0||||3.129|1052C5EC|5907b7f29950a6d0
38|2025-12-09T12:27:20.4600000+08:00|1052C5EC|小祥客服|0064641E|145489|145489|10000|10000|0||0.25|193.30|-600.00|3.13|0|0|0|0101F0|40C00000|1052C5EC|f63d6c92b049cd9e
26|2025-12-09T12:27:20.4600000+08:00|1F0|结印|6.00|1052C5EC|小祥客服|1052C5EC|小祥客服|01|145489|145489|caf60c14b8ea3f05
21|2025-12-09T12:27:20.9040000+08:00|1052C5EC|小祥客服|4976|地之印|1052C5EC|小祥客服|900000E|1F08000|0|0|0|0|0|0|0|0|0|0|0|0|0|0|145489|145489|10000|10000|||0.25|193.30|-600.00|3.13|145489|145489|10000|10000|||0.25|193.30|-600.00|3.13|00000795|0|1|00||01|4976|4976|0.350|FF78|2d7ce2600377a404
264|2025-12-09T12:27:20.9040000+08:00|1052C5EC|4976|00000795|0||||3.129|1052C5EC|67ec57d3e74e3c74
38|2025-12-09T12:27:20.9040000+08:00|1052C5EC|小祥客服|0064641E|145489|145489|10000|10000|0||0.25|193.30|-600.00|3.13|0|0|0|0901F0|40B1D2EF|1052C5EC|4c288f9a4bf395b5
26|2025-12-09T12:27:20.9040000+08:00|1F0|结印|5.56|1052C5EC|小祥客服|1052C5EC|小祥客服|09|145489|145489|58e573d8705a69be
21|2025-12-09T12:27:21.3910000+08:00|1052C5EC|小祥客服|4977|人之印|1052C5EC|小祥客服|3900000E|1F08000|0|0|0|0|0|0|0|0|0|0|0|0|0|0|145489|145489|10000|10000|||0.25|193.30|-600.00|3.13|145489|145489|10000|10000|||0.25|193.30|-600.00|3.13|00000796|0|1|00||01|4977|4977|0.350|FF78|4ed54eae1cff7cc0
264|2025-12-09T12:27:21.3910000+08:00|1052C5EC|4977|00000796|0||||3.129|1052C5EC|cafb5e263018b541
38|2025-12-09T12:27:21.3910000+08:00|1052C5EC|小祥客服|0064641E|145489|145489|10000|10000|0||0.25|193.30|-600.00|3.13|0|0|0|3901F0|40A2353A|1052C5EC|b84e52000e43e9ff
26|2025-12-09T12:27:21.3910000+08:00|1F0|结印|5.07|1052C5EC|小祥客服|1052C5EC|小祥客服|39|145489|145489|1a114c75e3705bca
21|2025-12-09T12:27:21.9240000+08:00|1052C5EC|小祥客服|8DF|水遁之术|40002D36|木人|650003|73F30000|F|F088000|0|0|0|0|0|0|0|0|0|0|0|0|44|44|0|10000|||0.32|188.99|-600.00|-3.14|145489|145489|10000|10000|||0.25|193.30|-600.00|3.13|00000797|0|1|00||01|8DF|8DF|0.600|FF52|bacf7f2a1094d03e
264|2025-12-09T12:27:21.9240000+08:00|1052C5EC|08DF|00000797|0||||3.125|40002D36|1f3b6cf2047b2c11
21|2025-12-09T12:27:21.9240000+08:00|1052C5EC|小祥客服|07|攻击|40002D36|木人|710003|F4C0000|0|0|0|0|0|0|0|0|0|0|0|0|0|0|44|44|0|10000|||0.32|188.99|-600.00|-3.14|145489|145489|10000|10000|||0.25|193.30|-600.00|3.13|00000798|0|1|00||01|07|07|0.600|FF52|c3c8f3f843e4261c
264|2025-12-09T12:27:21.9240000+08:00|1052C5EC|0007|00000798|0||||3.125|40002D36|99eebdcf4c6f6842
38|2025-12-09T12:27:21.9240000+08:00|1052C5EC|小祥客服|0064641E|145489|145489|10000|10000|0||0.25|193.30|-600.00|3.13|0|0|0|0F08|C1A00000|1052C5EC|6416508eb1b37417
30|2025-12-09T12:27:21.9240000+08:00|1F0|结印|0.00|1052C5EC|小祥客服|1052C5EC|小祥客服|39|145489|145489|60aa2c01b97f811d
26|2025-12-09T12:27:21.9240000+08:00|F08|忍隐|20.00|1052C5EC|小祥客服|1052C5EC|小祥客服|00|145489|145489|4470112a613d57ed
260|2025-12-09T12:27:21.6090000+08:00|1|0|1|0|4f9bbecf48b62152
261|2025-12-09T12:27:22.0300000+08:00|Change|40002D36|NPCTargetID|1052C5EC|41f0a6da47f4b507
37|2025-12-09T12:27:22.4560000+08:00|1052C5EC|小祥客服|00000798|145489|145489|10000|10000|0||0.25|193.30|-600.00|3.13|1E00|0|0|01|0F08|0|C1A00000|1052C5EC|1d9f0287b382a353
260|2025-12-09T12:27:22.1410000+08:00|1|1|0|1|5dae42fa7567b208
38|2025-12-09T12:27:22.7670000+08:00|1052C5EC|小祥客服|0064641E|145489|145489|10000|10000|0||0.25|193.30|-600.00|3.13|0|0|0|0F08|C1A00000|1052C5EC|7371a9449de05296
37|2025-12-09T12:27:22.9000000+08:00|1052C5EC|小祥客服|00000797|145489|145489|10000|10000|0||0.25|193.25|-600.00|3.13|1E00|0|0|01|0F08|0|41A00000|1052C5EC|e9f10171da70ddab
38|2025-12-09T12:27:22.9000000+08:00|1052C5EC|小祥客服|0064641E|145489|145489|10000|10000|0||0.25|193.25|-600.00|3.13|0|0|0|0F08|419FA5E3|1052C5EC|87bc6a34fbca0636
21|2025-12-09T12:27:23.3880000+08:00|1052C5EC|小祥客服|8C0|双刃旋|40002D36|木人|714003|4FC20000|53E|9F8000|1B|8C08000|0|0|0|0|0|0|0|0|0|0|44|44|0|10000|||0.32|188.99|-600.00|-3.14|145489|145489|10000|10000|||0.26|192.76|-600.00|3.12|00000799|0|1|00||01|8C0|8C0|0.600|FF4C|73ddb2af895cb41f
264|2025-12-09T12:27:23.3880000+08:00|1052C5EC|08C0|00000799|0||||3.124|40002D36|1b87b322f5139cf0
31|2025-12-09T12:27:23.3880000+08:00|1052C5EC|5001E|00|00|00|d89774a249ea9585
21|2025-12-09T12:27:24.1420000+08:00|1052C5EC|小祥客服|07|攻击|40002D36|木人|714003|12E80000|0|0|0|0|0|0|0|0|0|0|0|0|0|0|44|44|0|10000|||0.32|188.99|-600.00|-3.14|145489|145489|10000|10000|||0.26|192.76|-600.00|3.12|0000079A|0|1|00||01|07|07|0.100|FF4D|ed0fef7a5bea6497
264|2025-12-09T12:27:24.1420000+08:00|1052C5EC|0007|0000079A|0||||3.124|40002D36|eb63be788a5d5299
21|2025-12-09T12:27:25.5180000+08:00|1052C5EC|小祥客服|8C2|绝风|40002D36|木人|28714003|66800000|53E|9F8000|11B|8C28000|0|0|0|0|0|0|0|0|0|0|44|44|0|10000|||0.32|188.99|-600.00|-3.14|145489|145489|10000|10000|||0.27|191.79|-600.00|3.12|0000079B|0|1|00||01|8C2|8C2|0.600|FF3E|1980a60cabdc13c8
264|2025-12-09T12:27:25.5180000+08:00|1052C5EC|08C2|0000079B|0||||3.123|40002D36|4078e094a33e958c
31|2025-12-09T12:27:25.5180000+08:00|1052C5EC|A001E|00|00|00|27845cc227c7ecd1
21|2025-12-09T12:27:26.3610000+08:00|1052C5EC|小祥客服|07|攻击|40002D36|木人|714003|14490000|0|0|0|0|0|0|0|0|0|0|0|0|0|0|44|44|0|10000|||0.32|188.99|-600.00|-3.14|145489|145489|10000|10000|||0.27|191.79|-600.00|3.12|0000079C|0|1|00||01|07|07|0.100|FF3E|5f8d237c74177ca0
264|2025-12-09T12:27:26.3610000+08:00|1052C5EC|0007|0000079C|0||||3.123|40002D36|6db0bd982ce39662
21|2025-12-09T12:27:26.5830000+08:00|1052C5EC|小祥客服|905D|介毒之术|40002D36|木人|712003|7E120000|5050E|F090000|3D|0|283E|9F8000|F|F0A8000|0|0|0|0|0|0|44|44|0|10000|||0.32|188.99|-600.00|-3.14|145489|145489|10000|10000|||0.27|191.79|-600.00|3.12|0000079D|0|1|00||01|905D|905D|0.600|FF3E|63e9ea8a39031ae1
264|2025-12-09T12:27:26.5830000+08:00|1052C5EC|905D|0000079D|0||||3.123|40002D36|7ad77057cc1b374b
38|2025-12-09T12:27:26.5830000+08:00|40002D36|木人|00010100|44|44|0|0|0||0.32|188.99|-600.00|-3.14|0|0|0|0F09|C1A00000|1052C5EC|f9df2972c2994c24
26|2025-12-09T12:27:26.5830000+08:00|F09|介毒之术|20.00|1052C5EC|小祥客服|40002D36|木人|00|44|145489|32b513955a13ec36
38|2025-12-09T12:27:26.5830000+08:00|1052C5EC|小祥客服|0064641E|145489|145489|10000|10000|0||0.27|191.79|-600.00|3.12|0|0|0|0F08|41822F08|1052C5EC|0F0A|C1F00000|1052C5EC|11db4441fd946b3d
26|2025-12-09T12:27:26.5830000+08:00|F0A|秘技预备|30.00|1052C5EC|小祥客服|1052C5EC|小祥客服|00|145489|145489|e9d256c9f151a9d9
31|2025-12-09T12:27:26.5830000+08:00|1052C5EC|32001E|00|00|00|ba25de22c00db0ea
37|2025-12-09T12:27:26.8930000+08:00|40002D36|木人|0000079C|44|44|0|10000|0||0.32|188.99|-600.00|-3.14|0|0|0|01|0F09|0|C1A00000|1052C5EC|fd6b5edfef9b95c5
37|2025-12-09T12:27:26.8930000+08:00|1052C5EC|小祥客服|0000079C|145489|145489|10000|10000|0||0.27|191.79|-600.00|3.12|1E00|0|0|01|01000F0A|0|C1F00000|1052C5EC|86f4b1e99d16e7d3
21|2025-12-09T12:27:27.6030000+08:00|1052C5EC|小祥客服|8D3|天之印|1052C5EC|小祥客服|100000E|1F08000|0|0|0|0|0|0|0|0|0|0|0|0|0|0|145489|145489|10000|10000|||0.27|191.79|-600.00|3.12|145489|145489|10000|10000|||0.27|191.79|-600.00|3.12|0000079E|0|1|00||01|8D3|8D3|0.350|FF3E|2930fd742c4f234f
264|2025-12-09T12:27:27.6030000+08:00|1052C5EC|08D3|0000079E|0||||3.123|1052C5EC|349397de84de0ae7
38|2025-12-09T12:27:27.6030000+08:00|1052C5EC|小祥客服|0064641E|145489|145489|10000|10000|0||0.27|191.79|-600.00|3.12|0|0|0|0F08|41740C25|1052C5EC|0F0A|C1F00000|1052C5EC|0101F0|40C00000|1052C5EC|a41dab601241b199
26|2025-12-09T12:27:27.6030000+08:00|1F0|结印|6.00|1052C5EC|小祥客服|1052C5EC|小祥客服|01|145489|145489|ff43cca56bf1cd7a
37|2025-12-09T12:27:27.6470000+08:00|40002D36|木人|0000079D|44|44|0|10000|0||0.32|188.99|-600.00|-3.14|0|0|0|01|0F09|0|41A00000|1052C5EC|049c2d262933ca38
37|2025-12-09T12:27:27.6470000+08:00|1052C5EC|小祥客服|0000079D|145489|145489|10000|10000|0||0.27|191.79|-600.00|3.12|1E00|0|0|01|01000F0A|0|41F00000|1052C5EC|7fca85774e566124
38|2025-12-09T12:27:27.6470000+08:00|40002D36|木人|00010100|44|44|0|0|0||0.32|188.99|-600.00|-3.14|0|0|0|0F09|419FA3D7|1052C5EC|0a2a9aad697c40f2
38|2025-12-09T12:27:27.6470000+08:00|1052C5EC|小祥客服|0064641E|145489|145489|10000|10000|0||0.27|191.79|-600.00|3.12|0|0|0|0F08|417353D3|1052C5EC|0F0A|41EFA3D7|1052C5EC|0101F0|40BE8F5C|1052C5EC|34bc351539b2ca1d
21|2025-12-09T12:27:28.1350000+08:00|1052C5EC|小祥客服|4976|地之印|1052C5EC|小祥客服|900000E|1F08000|0|0|0|0|0|0|0|0|0|0|0|0|0|0|145489|145489|10000|10000|||0.27|191.79|-600.00|3.12|145489|145489|10000|10000|||0.27|191.79|-600.00|3.12|0000079F|0|1|00||01|4976|4976|0.350|FF3E|de2039838ecca71f
264|2025-12-09T12:27:28.1350000+08:00|1052C5EC|4976|0000079F|0||||3.123|1052C5EC|2365c6a074ad5015
38|2025-12-09T12:27:28.1350000+08:00|1052C5EC|小祥客服|0064641E|145489|145489|10000|10000|0||0.27|191.79|-600.00|3.12|0|0|0|0F08|416B84FC|1052C5EC|0F0A|41EBBC68|1052C5EC|0901F0|40AEF1A7|1052C5EC|2a072a5841f94f1a
26|2025-12-09T12:27:28.1350000+08:00|1F0|结印|5.47|1052C5EC|小祥客服|1052C5EC|小祥客服|09|145489|145489|7db011d14e6a6abf
21|2025-12-09T12:27:28.5790000+08:00|1052C5EC|小祥客服|07|攻击|40002D36|木人|714003|14DD0000|0|0|0|0|0|0|0|0|0|0|0|0|0|0|44|44|0|10000|||0.32|188.99|-600.00|-3.14|145489|145489|10000|10000|||0.27|191.79|-600.00|3.12|000007A0|0|1|00||01|07|07|0.100|FF3E|cf5f8c19c7ceaa43
264|2025-12-09T12:27:28.5790000+08:00|1052C5EC|0007|000007A0|0||||3.123|40002D36|c7fb752f5d81cc55
21|2025-12-09T12:27:28.6680000+08:00|1052C5EC|小祥客服|8DB|雷遁之术|40002D36|木人|550003|A29E0000|100000F|A828000|0|0|0|0|0|0|0|0|0|0|0|0|44|44|0|10000|||0.32|188.99|-600.00|-3.14|145489|145489|10000|10000|||0.27|191.79|-600.00|3.12|000007A1|0|1|00||01|8DB|8DB|0.600|FF3E|9033b1b98959b877
264|2025-12-09T12:27:28.6680000+08:00|1052C5EC|08DB|000007A1|0||||3.123|40002D36|2761d7d31a2e32dc
38|2025-12-09T12:27:28.6680000+08:00|1052C5EC|小祥客服|0064641E|145489|145489|10000|10000|0||0.27|191.79|-600.00|3.12|0|0|0|0F08|416301EC|1052C5EC|0F0A|41E77ADC|1052C5EC|010A82|C1F00000|1052C5EC|f8f380b5135b1a3e
30|2025-12-09T12:27:28.6680000+08:00|1F0|结印|0.00|1052C5EC|小祥客服|1052C5EC|小祥客服|09|145489|145489|188918b1127e15b3
26|2025-12-09T12:27:28.6680000+08:00|A82|月影雷兽预备|30.00|1052C5EC|小祥客服|1052C5EC|小祥客服|01|145489|145489|ec5dda414e40f9f8
38|2025-12-09T12:27:28.7570000+08:00|1052C5EC|小祥客服|0064641E|145489|145489|10000|10000|0||0.27|191.79|-600.00|3.12|0|0|0|0F08|41619561|1052C5EC|0F0A|41E6C496|1052C5EC|010A82|C1F00000|1052C5EC|fc8836b0ea080009
37|2025-12-09T12:27:29.1110000+08:00|1052C5EC|小祥客服|000007A0|145489|145489|10000|10000|0||0.27|191.79|-600.00|3.12|1E00|0|0|01|02000A82|01|C1F00000|1052C5EC|c3c8e486c0a6c557
21|2025-12-09T12:27:29.3330000+08:00|1052C5EC|小祥客服|406D|分身之术|1052C5EC|小祥客服|3E|9D8000|500000F|7A28000|F|AA38000|0|0|0|0|0|0|0|0|0|0|145489|145489|10000|10000|||0.27|191.79|-600.00|3.12|145489|145489|10000|10000|||0.27|191.79|-600.00|3.12|000007A2|0|1|00||01|406D|406D|0.600|FF3E|dc0842fce0fc2b68
264|2025-12-09T12:27:29.3330000+08:00|1052C5EC|406D|000007A2|0||||3.123|1052C5EC|6f35fe953ba33b76
38|2025-12-09T12:27:29.3330000+08:00|1052C5EC|小祥客服|0064641E|145489|145489|10000|10000|0||0.27|191.79|-600.00|3.12|0|0|0|0F08|415859FF|1052C5EC|0F0A|41E226E1|1052C5EC|010A82|C1F00000|1052C5EC|0507A2|C1F00000|1052C5EC|0AA3|C2340000|1052C5EC|a644bd9b3c27355e
26|2025-12-09T12:27:29.3330000+08:00|7A2|分身之术|30.00|1052C5EC|小祥客服|1052C5EC|小祥客服|05|145489|145489|b013741a02a1a81f
26|2025-12-09T12:27:29.3330000+08:00|AA3|残影镰鼬预备|45.00|1052C5EC|小祥客服|1052C5EC|小祥客服|00|145489|145489|176e80d682514f0e
31|2025-12-09T12:27:29.3330000+08:00|1052C5EC|1E|00|00|00|25bcc51b39b69c62
38|2025-12-09T12:27:29.3780000+08:00|40002D37||00646400|145078|145078|10000|10000|0||||||0|0|0|d53f694f9ef60d90
37|2025-12-09T12:27:29.3780000+08:00|1052C5EC|小祥客服|000007A1|145489|145489|10000|10000|0||0.27|191.79|-600.00|3.12|1E00|0|0|03|02000A82|01|41F00000|1052C5EC|030007A2|05|C1F00000|1052C5EC|04000AA3|0|C2340000|1052C5EC|91f01a410008391f
261|2025-12-09T12:27:28.8850000+08:00|Add|40002D37|BNpcID|2A91|BNpcNameID|2079|CastTargetID|E0000000|CurrentMP|10000|CurrentWorldID|65535|Heading|-0.0186|Level|100|MaxHP|145078|MaxMP|10000|ModelStatus|3072|Name|分身|NPCTargetID|40002D36|OwnerID|1052C5EC|PosX|0.3026|PosY|189.9858|PosZ|-600.0000|Radius|0.5000|Type|2|WorldID|65535|5b0f31281d0a033e
38|2025-12-09T12:27:29.3780000+08:00|1052C5EC|小祥客服|0064641E|145489|145489|10000|10000|0||0.27|191.79|-600.00|3.12|0|0|0|0F08|4157A1AD|1052C5EC|0F0A|41E1CAB8|1052C5EC|010A82|41EFA3D7|1052C5EC|0507A2|C1F00000|1052C5EC|0AA3|C2340000|1052C5EC|fd74e10519915676
272|2025-12-09T12:27:29.4220000+08:00|40002D37|E0000000|0000|00|1b01718212d9268a
03|2025-12-09T12:27:28.8850000+08:00|40002D37|分身|00|64|1052C5EC|00||8313|10897|145078|145078|10000|10000|||0.30|189.99|-600.00|-0.02|c972730b39f7efcf
261|2025-12-09T12:27:28.8850000+08:00|Change|40002D37|ModelStatus|1024|PCTargetID|40002D36|72ba943c8585c1d9
37|2025-12-09T12:27:30.0880000+08:00|1052C5EC|小祥客服|000007A2|145489|145489|10000|10000|0||0.27|191.79|-600.00|3.12|1E00|0|0|02|030007A2|05|41F00000|1052C5EC|04000AA3|0|42340000|1052C5EC|b9e45bab3c99058a
38|2025-12-09T12:27:30.0880000+08:00|1052C5EC|小祥客服|0064641E|145489|145489|10000|10000|0||0.27|191.79|-600.00|3.12|0|0|0|0F08|414C49A0|1052C5EC|0F0A|41DC1EAC|1052C5EC|010A82|41E9F7CB|1052C5EC|0507A2|41EFA5E3|1052C5EC|0AA3|4233D2F2|1052C5EC|5c53132cfe3f492c
21|2025-12-09T12:27:30.1770000+08:00|1052C5EC|小祥客服|64AE|残影镰鼬|40002D36|木人|53E|9F8000|0|0|0|0|0|0|0|0|0|0|0|0|0|0|44|44|0|10000|||0.32|188.99|-600.00|-3.14|145489|145489|10000|10000|||0.27|191.79|-600.00|3.12|000007A3|0|1|00||01|64AE|64AE|0.600|FF3E|c7bb64395eed1dbc
264|2025-12-09T12:27:30.1770000+08:00|1052C5EC|64AE|000007A3|0||||3.123|40002D36|597b80b16890c56b
271|2025-12-09T12:27:30.1770000+08:00|40002D37|3.1230|00|00|0.2693|191.7855|-600.0000|1156643b0cff040a
38|2025-12-09T12:27:30.1770000+08:00|1052C5EC|小祥客服|0064641E|145489|145489|10000|10000|0||0.27|191.79|-600.00|3.12|0|0|0|0F08|414ADD15|1052C5EC|0F0A|41DB6866|1052C5EC|010A82|41E94185|1052C5EC|0507A2|41EEEF9D|1052C5EC|80af6715e5d4eaec
30|2025-12-09T12:27:30.1770000+08:00|AA3|残影镰鼬预备|0.00|1052C5EC|小祥客服|1052C5EC|小祥客服|00|145489|145489|ec22453237db40f1
31|2025-12-09T12:27:30.1770000+08:00|1052C5EC|5001E|00|00|00|06da3dca776c87b5
21|2025-12-09T12:27:30.2660000+08:00|40002D37|分身|64AF|残影镰鼬|40002D36|木人|350003|94750000|53E|9F8000|1B|64AF8000|0|0|0|0|0|0|0|0|0|0|44|44|0|10000|||0.32|188.99|-600.00|-3.14|145078|145078|10000|10000|||0.27|191.79|-600.00|3.12|000007A4|0|1|1052C5EC|小祥客服|01|64AF|64AF|2.433|FF3E|b8da0981458a98b1
264|2025-12-09T12:27:30.2660000+08:00|40002D37|64AF|000007A4|0||||3.123|40002D36|f2632bcf349cb5dd
31|2025-12-09T12:27:30.2660000+08:00|1052C5EC|A001E|00|00|00|f988ddae406c58a7
261|2025-12-09T12:27:29.9250000+08:00|Change|40002D37|Heading|3.1231|ModelStatus|0|PosX|0.2693|PosY|191.7855|ec9232d7fd809894
270|2025-12-09T12:27:30.7530000+08:00|40002D37|3.1230|0000|0000|0.3052|190.4966|-599.8718|db3ead63171c430f
21|2025-12-09T12:27:30.7980000+08:00|1052C5EC|小祥客服|07|攻击|40002D36|木人|710003|10A70000|0|0|0|0|0|0|0|0|0|0|0|0|0|0|44|44|0|10000|||0.32|188.99|-600.00|-3.14|145489|145489|10000|10000|||0.27|191.79|-600.00|3.12|000007A5|0|1|00||01|07|07|0.100|FF3E|c165fa5990feea14
264|2025-12-09T12:27:30.7980000+08:00|1052C5EC|0007|000007A5|0||||3.123|40002D36|96fa8c3a10de3c47
21|2025-12-09T12:27:30.8430000+08:00|1052C5EC|小祥客服|905E|百雷铳|40002D36|木人|712003|DB770000|A0E|F420000|0|0|0|0|0|0|0|0|0|0|0|0|44|44|0|10000|||0.32|188.99|-600.00|-3.14|145489|145489|10000|10000|||0.27|191.79|-600.00|3.12|000007A6|0|1|00||01|905E|905E|0.600|FF3E|9276bcc9a282803d
264|2025-12-09T12:27:30.8430000+08:00|1052C5EC|905E|000007A6|0||||3.123|40002D36|f0c066f317b2d4d7
38|2025-12-09T12:27:30.8430000+08:00|40002D36|木人|00010100|44|44|0|0|0||0.32|188.99|-600.00|-3.14|0|0|0|0F09|4186146B|1052C5EC|0F42|C1700000|1052C5EC|cc3bd03bfe1196ec
26|2025-12-09T12:27:30.8430000+08:00|F42|百雷铳|15.00|1052C5EC|小祥客服|40002D36|木人|00|44|145489|7cf47e83526f6f75
38|2025-12-09T12:27:30.8430000+08:00|1052C5EC|小祥客服|0064641E|145489|145489|10000|10000|0||0.27|191.79|-600.00|3.12|0|0|0|0|0|0|0F0A|41D6146B|1052C5EC|010A82|41E3ED8A|1052C5EC|0507A2|41E99BA2|1052C5EC|18b728ceb7fc969a
30|2025-12-09T12:27:30.8430000+08:00|F08|忍隐|0.00|1052C5EC|小祥客服|1052C5EC|小祥客服|00|145489|145489|b2df9c33521547f1
37|2025-12-09T12:27:31.3310000+08:00|40002D36|木人|000007A5|44|44|0|10000|0||0.32|188.99|-600.00|-3.14|0|0|0|01|01000F42|0|C1700000|1052C5EC|e1311ca16c691997
38|2025-12-09T12:27:31.4190000+08:00|40002D36|木人|00010100|44|44|0|0|0||0.32|188.99|-600.00|-3.14|0|0|0|0F09|418176B6|1052C5EC|0F42|C1700000|1052C5EC|1f314b7c5d2e80eb
37|2025-12-09T12:27:31.8630000+08:00|40002D36|木人|000007A4|44|44|0|10000|0||0.32|188.99|-600.00|-3.14|0|0|0|01|01000F42|0|C1700000|1052C5EC|cb9a366c7b6f1f15
37|2025-12-09T12:27:32.1740000+08:00|40002D36|木人|000007A6|44|44|0|10000|0||0.32|188.99|-600.00|-3.14|0|0|0|01|01000F42|0|41700000|1052C5EC|688bbb6009f71b20
38|2025-12-09T12:27:32.1740000+08:00|40002D36|木人|00010100|44|44|0|0|0||0.32|188.99|-600.00|-3.14|0|0|0|0F09|4176D8F2|1052C5EC|0F42|416F4396|1052C5EC|ed9ed0705d2f9e44
21|2025-12-09T12:27:32.3070000+08:00|1052C5EC|小祥客服|64B2|月影雷兽牙|40002D36|木人|550003|9D810000|53E|9F8000|0|0|0|0|0|0|0|0|0|0|0|0|44|44|0|10000|||0.32|188.99|-600.00|-3.14|145489|145489|10000|10000|||0.27|191.43|-600.00|3.12|000007A7|0|1|00||01|64B2|64B2|0.600|FF11|a30b67e761de45c2
264|2025-12-09T12:27:32.3070000+08:00|1052C5EC|64B2|000007A7|0||||3.119|40002D36|227eb8af3a5e0caa
271|2025-12-09T12:27:32.3070000+08:00|40002D37|3.1187|00|00|0.2656|191.4280|-600.0000|eeab8eacb264b953
38|2025-12-09T12:27:32.3070000+08:00|1052C5EC|小祥客服|0064641E|145489|145489|10000|10000|0||0.27|191.43|-600.00|3.12|0|0|0|0|0|0|0F0A|41CA5C12|1052C5EC|0|0|0|0407A2|41DDE349|1052C5EC|9d8b320aeac0534b
30|2025-12-09T12:27:32.3070000+08:00|A82|月影雷兽预备|0.00|1052C5EC|小祥客服|1052C5EC|小祥客服|01|145489|145489|5c8621d32aed37dc
26|2025-12-09T12:27:32.3070000+08:00|7A2|分身之术|27.74|1052C5EC|小祥客服|1052C5EC|小祥客服|04|145489|145489|f5dc494728421c03
31|2025-12-09T12:27:32.3070000+08:00|1052C5EC|F001E|00|00|00|0c420bd9b8ef34ad
21|2025-12-09T12:27:32.3960000+08:00|40002D37|分身|6517|月影雷兽牙|40002D36|木人|554003|2C850000|53E|9F8000|1B|65178000|0|0|0|0|0|0|0|0|0|0|44|44|0|10000|||0.32|188.99|-600.00|-3.14|145078|145078|10000|10000|||0.27|191.43|-600.00|3.12|000007A8|0|1|1052C5EC|小祥客服|01|6517|6517|2.366|FF11|7f52f5aa849cb957
264|2025-12-09T12:27:32.3960000+08:00|40002D37|6517|000007A8|0||||3.119|40002D36|4a570792dccda40d
31|2025-12-09T12:27:32.3960000+08:00|1052C5EC|14001E|00|00|00|0327609ed1cdd0f6
21|2025-12-09T12:27:33.0170000+08:00|1052C5EC|小祥客服|07|攻击|40002D36|木人|714003|15C00000|0|0|0|0|0|0|0|0|0|0|0|0|0|0|44|44|0|10000|||0.32|188.99|-600.00|-3.14|145489|145489|10000|10000|||0.26|191.34|-600.00|-3.13|000007A9|0|1|00||01|07|07|0.100|0032|8ef88704f8ab4487
264|2025-12-09T12:27:33.0170000+08:00|1052C5EC|0007|000007A9|0||||-3.137|40002D36|2d8fb6a088fa5e0f
21|2025-12-09T12:27:33.0620000+08:00|1052C5EC|小祥客服|8D8|生杀予夺|1052C5EC|小祥客服|1E0E|1F10000|0|0|0|0|0|0|0|0|0|0|0|0|0|0|145489|145489|10000|10000|||0.26|191.20|-600.00|-3.13|145489|145489|10000|10000|||0.26|191.20|-600.00|-3.13|000007AA|0|1|00||01|8D8|8D8|0.600|0032|9633bbe009b41fa3
264|2025-12-09T12:27:33.0620000+08:00|1052C5EC|08D8|000007AA|0||||-3.137|1052C5EC|1b344ca62b78e0a1
38|2025-12-09T12:27:33.0620000+08:00|1052C5EC|小祥客服|0064641E|145489|145489|10000|10000|0||0.26|191.20|-600.00|-3.13|0|0|0|01F1|C1700000|1052C5EC|0F0A|41C453DD|1052C5EC|0|0|0|0407A2|41D7DB14|1052C5EC|85f838625919e7f5
26|2025-12-09T12:27:33.0620000+08:00|1F1|生杀予夺|15.00|1052C5EC|小祥客服|1052C5EC|小祥客服|00|145489|145489|f5f38ff806c08adf
37|2025-12-09T12:27:33.1060000+08:00|1052C5EC|小祥客服|000007A7|145489|145489|10000|10000|0||0.26|191.20|-600.00|-3.13|1E00|0|0|01|01F1|0|C1700000|1052C5EC|187624d1f3dc2648
37|2025-12-09T12:27:33.5500000+08:00|1052C5EC|小祥客服|000007A9|145489|145489|10000|10000|0||0.26|191.20|-600.00|-3.13|1E00|0|0|01|01F1|0|C1700000|1052C5EC|23ece0a7cf905df8
37|2025-12-09T12:27:34.0380000+08:00|1052C5EC|小祥客服|000007AA|145489|145489|10000|10000|0||0.26|191.20|-600.00|-3.13|1E00|0|0|01|01F1|0|41700000|1052C5EC|e86a332476d4cce3
38|2025-12-09T12:27:34.0380000+08:00|1052C5EC|小祥客服|0064641E|145489|145489|10000|10000|0||0.26|191.20|-600.00|-3.13|0|0|0|01F1|416F4BC7|1052C5EC|0F0A|41BC84FF|1052C5EC|0|0|0|0407A2|41D00C36|1052C5EC|aaa8c1dba6913522
21|2025-12-09T12:27:34.3920000+08:00|1052C5EC|小祥客服|4975|天之印|1052C5EC|小祥客服|100000E|1F08000|0|0|0|0|0|0|0|0|0|0|0|0|0|0|145489|145489|10000|10000|||0.26|191.20|-600.00|-3.13|145489|145489|10000|10000|||0.26|191.20|-600.00|-3.13|000007AB|0|1|00||01|4975|4975|0.350|00A9|e6cc6b0c9737e677
264|2025-12-09T12:27:34.3920000+08:00|1052C5EC|4975|000007AB|0||||-3.125|1052C5EC|21180c61bc419d65
38|2025-12-09T12:27:34.3920000+08:00|1052C5EC|小祥客服|0064641E|145489|145489|10000|10000|0||0.26|191.20|-600.00|-3.13|0|0|0|01F1|41699DB4|1052C5EC|0F0A|41B9ADF3|1052C5EC|0101F0|40C00000|1052C5EC|0407A2|41CD352A|1052C5EC|3eb04ffd58d781cb
26|2025-12-09T12:27:34.3920000+08:00|1F0|结印|6.00|1052C5EC|小祥客服|1052C5EC|小祥客服|01|145489|145489|3697f7e84401c7ea
261|2025-12-09T12:27:34.3640000+08:00|Change|40002D37|Heading|3.1188|ModelStatus|8388608|PosX|0.2656|PosY|191.4280|f7b38344e7ded488
21|2025-12-09T12:27:34.9690000+08:00|1052C5EC|小祥客服|4977|人之印|1052C5EC|小祥客服|D00000E|1F08000|0|0|0|0|0|0|0|0|0|0|0|0|0|0|145489|145489|10000|10000|||0.26|191.20|-600.00|-3.13|145489|145489|10000|10000|||0.26|191.20|-600.00|-3.13|000007AC|0|1|00||01|4977|4977|0.350|00A9|17c379dfc5608b40
264|2025-12-09T12:27:34.9690000+08:00|1052C5EC|4977|000007AC|0||||-3.125|1052C5EC|6667b3d4b9ff0d60
38|2025-12-09T12:27:34.9690000+08:00|1052C5EC|小祥客服|0064641E|145489|145489|10000|10000|0||0.26|191.20|-600.00|-3.13|0|0|0|01F1|41606252|1052C5EC|0F0A|41B5103E|1052C5EC|0D01F0|40AD8934|1052C5EC|0407A2|41C89775|1052C5EC|1c725205377612d1
26|2025-12-09T12:27:34.9690000+08:00|1F0|结印|5.42|1052C5EC|小祥客服|1052C5EC|小祥客服|0D|145489|145489|5404cccf8211812a
21|2025-12-09T12:27:35.2350000+08:00|1052C5EC|小祥客服|07|攻击|40002D36|木人|710003|12780000|0|0|0|0|0|0|0|0|0|0|0|0|0|0|44|44|0|10000|||0.32|188.99|-600.00|-3.14|145489|145489|10000|10000|||0.26|191.20|-600.00|-3.13|000007AD|0|1|00||01|07|07|0.100|00A9|7ab8acc0bd14763e
264|2025-12-09T12:27:35.2350000+08:00|1052C5EC|0007|000007AD|0||||-3.125|40002D36|22494df53ee5039f
39|2025-12-09T12:27:35.3680000+08:00|40002D37|分身|145078|145078|10000|10000|||0.27|191.43|-600.00|3.12|080fa0c4e9dfb4d2
21|2025-12-09T12:27:35.4570000+08:00|1052C5EC|小祥客服|406C|冰晶乱流之术|40002D36|木人|250003|81824001|0|0|0|0|0|0|0|0|0|0|0|0|0|0|44|44|0|10000|||0.32|188.99|-600.00|-3.14|145489|145489|10000|10000|||0.26|191.20|-600.00|3.11|000007AE|0|1|00||01|406C|406C|0.600|FEE7|75d4e79f322b6849
264|2025-12-09T12:27:35.4570000+08:00|1052C5EC|406C|000007AE|0||||3.115|40002D36|91581168b6f77902
38|2025-12-09T12:27:35.4570000+08:00|1052C5EC|小祥客服|0064641E|145489|145489|10000|10000|0||0.26|191.20|-600.00|3.11|0|0|0|0|0|0|0F0A|41B128CF|1052C5EC|0|0|0|0407A2|41C4B006|1052C5EC|101e1573f7e1a2e2
30|2025-12-09T12:27:35.4570000+08:00|1F1|生杀予夺|0.00|1052C5EC|小祥客服|1052C5EC|小祥客服|00|145489|145489|9c5e7d9893aef283
30|2025-12-09T12:27:35.4570000+08:00|1F0|结印|0.00|1052C5EC|小祥客服|1052C5EC|小祥客服|0D|145489|145489|9d23015edcdb3aa2
21|2025-12-09T12:27:36.1670000+08:00|1052C5EC|小祥客服|1CEB|天地人|1052C5EC|小祥客服|3960F|4A28000|F|F0B8000|0|0|0|0|0|0|0|0|0|0|0|0|145489|145489|10000|10000|||0.26|191.20|-600.00|3.11|145489|145489|10000|10000|||0.26|191.20|-600.00|3.11|000007AF|0|1|00||01|1CEB|1CEB|0.600|FEE7|771a463d59d1f2be
264|2025-12-09T12:27:36.1670000+08:00|1052C5EC|1CEB|000007AF|0||||3.115|1052C5EC|46ffede8c29e7fed
38|2025-12-09T12:27:36.1670000+08:00|1052C5EC|小祥客服|0064641E|145489|145489|10000|10000|0||0.26|191.20|-600.00|3.11|0|0|0|04A2|C0C00000|1052C5EC|0F0A|41AB7AB7|1052C5EC|0F0B|C1F00000|1052C5EC|0407A2|41BF01EE|1052C5EC|be645b981c0eeb67
26|2025-12-09T12:27:36.1670000+08:00|4A2|天地人|6.00|1052C5EC|小祥客服|1052C5EC|小祥客服|00|145489|145489|18552a05768af704
26|2025-12-09T12:27:36.1670000+08:00|F0B|天理人道预备|30.00|1052C5EC|小祥客服|1052C5EC|小祥客服|00|145489|145489|53003f7fea03abf5
37|2025-12-09T12:27:36.5660000+08:00|1052C5EC|小祥客服|000007AF|145489|145489|10000|10000|0||0.25|190.75|-600.00|-3.13|1E00|0|0|02|04A2|0|40C00000|1052C5EC|02000F0B|0|41F00000|1052C5EC|de916039f6717ac3
38|2025-12-09T12:27:36.5660000+08:00|1052C5EC|小祥客服|0064641E|145489|145489|10000|10000|0||0.25|190.75|-600.00|-3.13|0|0|0|04A2|40BE978D|1052C5EC|0F0A|41A8498E|1052C5EC|0F0B|41EFA5E3|1052C5EC|0407A2|41BBD0C5|1052C5EC|c86db93f4a70f145
21|2025-12-09T12:27:37.0550000+08:00|1052C5EC|小祥客服|49B9|风魔手里剑|40002D36|木人|710003|77AB0000|100000E|4A28000|0|0|0|0|0|0|0|0|0|0|0|0|44|44|0|10000|||0.32|188.99|-600.00|-3.14|145489|145489|10000|10000|||0.25|190.75|-600.00|-3.13|000007B0|0|1|00||01|49B9|49B9|0.600|FE73|9735431c9cd1714e
264|2025-12-09T12:27:37.0550000+08:00|1052C5EC|49B9|000007B0|0||||3.104|40002D36|d5f91d50d8828c28
38|2025-12-09T12:27:37.0550000+08:00|1052C5EC|小祥客服|0064641E|145489|145489|10000|10000|0||0.25|190.75|-600.00|-3.13|0|0|0|0104A2|40AEF9D8|1052C5EC|0F0A|41A4621F|1052C5EC|0F0B|41EBBE74|1052C5EC|0407A2|41B7E956|1052C5EC|922d719ebb9d3bb1
26|2025-12-09T12:27:37.0550000+08:00|4A2|天地人|5.47|1052C5EC|小祥客服|1052C5EC|小祥客服|01|145489|145489|174c93b9e718042a
37|2025-12-09T12:27:37.9420000+08:00|1052C5EC|小祥客服|000007B0|145489|145489|10000|10000|0||0.25|190.75|-600.00|3.10|1E00|0|0|01|04A2|01|4093FFF8|1052C5EC|d80f06d09665ae24
21|2025-12-09T12:27:38.0310000+08:00|1052C5EC|小祥客服|49BD|雷遁之术|40002D36|木人|554003|E28C0000|900000E|4A28000|100000F|A828000|0|0|0|0|0|0|0|0|0|0|44|44|0|10000|||0.32|188.99|-600.00|-3.14|145489|145489|10000|10000|||0.25|190.75|-600.00|3.10|000007B1|0|1|00||01|49BD|49BD|0.600|FE73|e138ca91e6c2df75
264|2025-12-09T12:27:38.0310000+08:00|1052C5EC|49BD|000007B1|0||||3.104|40002D36|719f8f90921b7697
38|2025-12-09T12:27:38.0310000+08:00|1052C5EC|小祥客服|0064641E|145489|145489|10000|10000|0||0.25|190.75|-600.00|3.10|0|0|0|0904A2|408FBE6E|1052C5EC|0F0A|419C9341|1052C5EC|0F0B|41E3EF96|1052C5EC|0407A2|41B01A78|1052C5EC|010A82|C1F00000|1052C5EC|87515e681a351fad
26|2025-12-09T12:27:38.0310000+08:00|4A2|天地人|4.49|1052C5EC|小祥客服|1052C5EC|小祥客服|09|145489|145489|03306847162206d6
26|2025-12-09T12:27:38.0310000+08:00|A82|月影雷兽预备|30.00|1052C5EC|小祥客服|1052C5EC|小祥客服|01|145489|145489|1f835b89f2756bfa
39|2025-12-09T12:27:38.3410000+08:00|40002D37|分身|145078|145078|10000|10000|||0.27|191.43|-600.00|3.12|66691d92a156451a
37|2025-12-09T12:27:38.7430000+08:00|1052C5EC|小祥客服|000007B1|145489|145489|10000|10000|0||0.25|190.75|-600.00|3.10|1E00|0|0|02|04A2|09|40749B8F|1052C5EC|04000A82|01|41F00000|1052C5EC|404324197f32ca85
38|2025-12-09T12:27:38.7430000+08:00|1052C5EC|小祥客服|0064641E|145489|145489|10000|10000|0||0.25|190.75|-600.00|3.10|0|0|0|0904A2|4071DB0C|1052C5EC|0F0A|4196DF05|1052C5EC|0F0B|41DE3B5A|1052C5EC|0407A2|41AA663C|1052C5EC|010A82|41EFA7F0|1052C5EC|095ef25dfd2ec677
21|2025-12-09T12:27:39.0530000+08:00|1052C5EC|小祥客服|49C1|水遁之术|40002D36|木人|650003|8DB60000|F|F088000|0|0|0|0|0|0|0|0|0|0|0|0|44|44|0|10000|||0.32|188.99|-600.00|-3.14|145489|145489|10000|10000|||0.25|190.75|-600.00|3.10|000007B2|0|1|00||01|49C1|49C1|0.600|FE73|62851698b55887f8
264|2025-12-09T12:27:39.0530000+08:00|1052C5EC|49C1|000007B2|0||||3.104|40002D36|c39ef5b65f2c1cca
38|2025-12-09T12:27:39.0530000+08:00|1052C5EC|小祥客服|0064641E|145489|145489|10000|10000|0||0.25|190.75|-600.00|3.10|0|0|0|0F08|C1A00000|1052C5EC|0F0A|41946423|1052C5EC|0F0B|41DBC078|1052C5EC|0407A2|41A7EB5A|1052C5EC|010A82|41ED2D0E|1052C5EC|2f3d5ed357282f16
30|2025-12-09T12:27:39.0530000+08:00|4A2|天地人|0.00|1052C5EC|小祥客服|1052C5EC|小祥客服|09|145489|145489|a8cc3b7db104ea38
26|2025-12-09T12:27:39.0530000+08:00|F08|忍隐|20.00|1052C5EC|小祥客服|1052C5EC|小祥客服|00|145489|145489|2bee641baba270c5
21|2025-12-09T12:27:39.4970000+08:00|1052C5EC|小祥客服|07|攻击|40002D36|木人|714003|16680000|0|0|0|0|0|0|0|0|0|0|0|0|0|0|44|44|0|10000|||0.32|188.99|-600.00|-3.14|145489|145489|10000|10000|||0.25|190.75|-600.00|3.10|000007B3|0|1|00||01|07|07|0.156|FE73|3bd490adc2644cbc
264|2025-12-09T12:27:39.4970000+08:00|1052C5EC|0007|000007B3|0||||3.104|40002D36|f591a22884d12193
21|2025-12-09T12:27:39.7190000+08:00|1052C5EC|小祥客服|9061|天理人道|40002D36|木人|756003|D1D94001|0|0|0|0|0|0|0|0|0|0|0|0|0|0|44|44|0|10000|||0.32|188.99|-600.00|-3.14|145489|145489|10000|10000|||0.25|190.75|-600.00|3.10|000007B4|0|1|00||01|9061|9061|0.600|FE73|d36f0b75f8434fd0
264|2025-12-09T12:27:39.7190000+08:00|1052C5EC|9061|000007B4|0||||3.104|40002D36|7d443386b41bc95e
38|2025-12-09T12:27:39.7190000+08:00|1052C5EC|小祥客服|0064641E|145489|145489|10000|10000|0||0.25|190.75|-600.00|3.10|0|0|0|0F08|C1A00000|1052C5EC|0F0A|418F1028|1052C5EC|0|0|0|0407A2|41A2975F|1052C5EC|010A82|41E7D913|1052C5EC|ef91bbf0eb44470c
30|2025-12-09T12:27:39.7190000+08:00|F0B|天理人道预备|0.00|1052C5EC|小祥客服|1052C5EC|小祥客服|00|145489|145489|957974546c19f423
37|2025-12-09T12:27:40.0300000+08:00|1052C5EC|小祥客服|000007B2|145489|145489|10000|10000|0||0.25|190.75|-600.00|3.10|1E00|0|0|01|0F08|0|41A00000|1052C5EC|9a06c6a1b21ce289
38|2025-12-09T12:27:40.0300000+08:00|1052C5EC|小祥客服|0064641E|145489|145489|10000|10000|0||0.25|190.75|-600.00|3.10|0|0|0|0F08|419FA5E3|1052C5EC|0F0A|418C9339|1052C5EC|0|0|0|0407A2|41A01A70|1052C5EC|010A82|41E55C24|1052C5EC|bf8c8abdb2894209
21|2025-12-09T12:27:40.5630000+08:00|1052C5EC|小祥客服|64B2|月影雷兽牙|40002D36|木人|554003|C57A0000|53E|9F8000|0|0|0|0|0|0|0|0|0|0|0|0|44|44|0|10000|||0.32|188.99|-600.00|-3.14|145489|145489|10000|10000|||0.25|190.75|-600.00|3.10|000007B5|0|1|00||01|64B2|64B2|0.600|FE73|5c9349e83db860a4
264|2025-12-09T12:27:40.5630000+08:00|1052C5EC|64B2|000007B5|0||||3.104|40002D36|cff6ae2cf3d9be75
271|2025-12-09T12:27:40.5630000+08:00|40002D37|3.1035|00|00|0.2544|190.7458|-600.0000|ab8daaa4bf6e6675
38|2025-12-09T12:27:40.5630000+08:00|1052C5EC|小祥客服|0064641E|145489|145489|10000|10000|0||0.25|190.75|-600.00|3.10|0|0|0|0F08|419B624B|1052C5EC|0F0A|41884FA1|1052C5EC|0|0|0|0307A2|419BD6D8|1052C5EC|47fdf012c5fb349e
26|2025-12-09T12:27:40.5630000+08:00|7A2|分身之术|19.48|1052C5EC|小祥客服|1052C5EC|小祥客服|03|145489|145489|962d842907411416
30|2025-12-09T12:27:40.5630000+08:00|A82|月影雷兽预备|0.00|1052C5EC|小祥客服|1052C5EC|小祥客服|01|145489|145489|ab45a621553bfdd5
31|2025-12-09T12:27:40.5630000+08:00|1052C5EC|19001E|00|00|00|f7b72c04f9702abf
21|2025-12-09T12:27:40.6520000+08:00|40002D37|分身|6517|月影雷兽牙|40002D36|木人|554003|2C250000|53E|9F8000|1B|65178000|0|0|0|0|0|0|0|0|0|0|44|44|0|10000|||0.32|188.99|-600.00|-3.14|145078|145078|10000|10000|||0.25|190.75|-600.00|3.10|000007B6|0|1|1052C5EC|小祥客服|01|6517|6517|2.366|FE73|ab2a6d37c10f8302
261|2025-12-09T12:27:40.4410000+08:00|Change|40002D37|Heading|3.1036|ModelStatus|0|PosX|0.2544|PosY|190.7458|034c8c46cc7cac73
31|2025-12-09T12:27:40.6520000+08:00|1052C5EC|1E001E|00|00|00|01f7aaf3ee11aa7e
264|2025-12-09T12:27:40.6520000+08:00|40002D37|6517|000007B6|0||||3.104|40002D36|b5a29442e104b2c8
21|2025-12-09T12:27:41.2740000+08:00|1052C5EC|小祥客服|4069|命水|1052C5EC|小祥客服|323E|9F8000|F|A818000|0|0|0|0|0|0|0|0|0|0|0|0|145489|145489|10000|10000|||0.25|190.75|-600.00|3.10|145489|145489|10000|10000|||0.25|190.75|-600.00|3.10|000007B7|0|1|00||01|4069|4069|0.600|FE73|6cf3a75ac8aa2bea
264|2025-12-09T12:27:41.2740000+08:00|1052C5EC|4069|000007B7|0||||3.104|1052C5EC|d816c109ebfd90b4
38|2025-12-09T12:27:41.2740000+08:00|1052C5EC|小祥客服|0064641E|145489|145489|10000|10000|0||0.25|190.75|-600.00|3.10|0|0|0|0A81|C1F00000|1052C5EC|0F0A|41829F7D|1052C5EC|0|0|0|0307A2|419626B4|1052C5EC|00099f2e6f2bb226
30|2025-12-09T12:27:41.2740000+08:00|F08|忍隐|0.00|1052C5EC|小祥客服|1052C5EC|小祥客服|00|145489|145489|7957046c95364682
26|2025-12-09T12:27:41.2740000+08:00|A81|命水|30.00|1052C5EC|小祥客服|1052C5EC|小祥客服|00|145489|145489|010a29f8f0acee86
31|2025-12-09T12:27:41.2740000+08:00|1052C5EC|50001E|00|00|00|7673c417ebf49456
37|2025-12-09T12:27:41.3630000+08:00|1052C5EC|小祥客服|000007B5|145489|145489|10000|10000|0||0.25|190.75|-600.00|3.10|1E00|0|0|01|0A81|0|C1F00000|1052C5EC|08e97edc6d26b15f
39|2025-12-09T12:27:41.3630000+08:00|40002D37|分身|145078|145078|10000|10000|||0.25|190.75|-600.00|3.10|e48e510b2792d65d
21|2025-12-09T12:27:41.7180000+08:00|1052C5EC|小祥客服|07|攻击|40002D36|木人|714003|17140000|0|0|0|0|0|0|0|0|0|0|0|0|0|0|44|44|0|10000|||0.32|188.99|-600.00|-3.14|145489|145489|10000|10000|||0.25|190.75|-600.00|3.10|000007B8|0|1|00||01|07|07|0.156|FE73|8d22744991172fce
264|2025-12-09T12:27:41.7180000+08:00|1052C5EC|0007|000007B8|0||||3.104|40002D36|b2ac400e353f9610
37|2025-12-09T12:27:41.9400000+08:00|1052C5EC|小祥客服|000007B7|145489|145489|10000|10000|0||0.25|190.75|-600.00|3.10|1E00|0|0|01|0A81|0|41F00000|1052C5EC|a5b67ff62a1d4cdb
22|2025-12-09T12:27:41.9400000+08:00|1052C5EC|小祥客服|DEE|梦幻三段|40002D36|木人|714003|36AF0000|0|0|0|0|0|0|0|0|0|0|0|0|0|0|44|44|0|10000|||0.32|188.99|-600.00|-3.14|145489|145489|10000|10000|||0.25|190.75|-600.00|3.10|000007B9|0|3|00||01|DEE|DEE|0.600|FE73|286ba141a7ffa0f7
22|2025-12-09T12:27:41.9400000+08:00|1052C5EC|小祥客服|DEE|梦幻三段|40002D36|木人|714003|36EC0000|0|0|0|0|0|0|0|0|0|0|0|0|0|0|44|44|0|10000|||0.32|188.99|-600.00|-3.14|145489|145489|10000|10000|||0.25|190.75|-600.00|3.10|000007B9|1|3|00||01|DEE|DEE|0.600|FE73|731dde8fdf41846a
22|2025-12-09T12:27:41.9400000+08:00|1052C5EC|小祥客服|DEE|梦幻三段|40002D36|木人|710003|28A30000|0|0|0|0|0|0|0|0|0|0|0|0|0|0|44|44|0|10000|||0.32|188.99|-600.00|-3.14|145489|145489|10000|10000|||0.25|190.75|-600.00|3.10|000007B9|2|3|00||01|DEE|DEE|0.600|FE73|3a54ff9d9f2d8b17
38|2025-12-09T12:27:41.9400000+08:00|1052C5EC|小祥客服|0064641E|145489|145489|10000|10000|0||0.25|190.75|-600.00|3.10|0|0|0|0A81|41EFA3D7|1052C5EC|0F0A|417A9708|1052C5EC|0|0|0|0307A2|4190D2B9|1052C5EC|e86a7f9d718859c0
264|2025-12-09T12:27:41.9400000+08:00|1052C5EC|0DEE|000007B9|1|0.000|0.000|0.000|3.104|40002D36|39091dbf2ddf47e7
21|2025-12-09T12:27:42.6950000+08:00|1052C5EC|小祥客服|8D3|天之印|1052C5EC|小祥客服|100000E|1F08000|0|0|0|0|0|0|0|0|0|0|0|0|0|0|145489|145489|10000|10000|||0.25|190.75|-600.00|3.10|145489|145489|10000|10000|||0.25|190.75|-600.00|3.10|000007BA|0|1|00||01|8D3|8D3|0.350|FE73|1227586c7b913fa0
264|2025-12-09T12:27:42.6950000+08:00|1052C5EC|08D3|000007BA|0||||3.104|1052C5EC|83c548445c3a9742
38|2025-12-09T12:27:42.6950000+08:00|1052C5EC|小祥客服|0064641E|145489|145489|10000|10000|0||0.25|190.75|-600.00|3.10|0|0|0|0A81|41E99996|1052C5EC|0F0A|416E8290|1052C5EC|0101F0|40C00000|1052C5EC|0307A2|418AC878|1052C5EC|79e91cd80c16ed5c
26|2025-12-09T12:27:42.6950000+08:00|1F0|结印|6.00|1052C5EC|小祥客服|1052C5EC|小祥客服|01|145489|145489|f8887f40451167ad
261|2025-12-09T12:27:42.6950000+08:00|Change|40002D37|ModelStatus|8388608|9138aaa96b5f0c08
21|2025-12-09T12:27:43.2720000+08:00|1052C5EC|小祥客服|4976|地之印|1052C5EC|小祥客服|900000E|1F08000|0|0|0|0|0|0|0|0|0|0|0|0|0|0|145489|145489|10000|10000|||0.25|190.75|-600.00|3.10|145489|145489|10000|10000|||0.25|190.75|-600.00|3.10|000007BB|0|1|00||01|4976|4976|0.350|FE73|f74af374506ceac6
264|2025-12-09T12:27:43.2720000+08:00|1052C5EC|4976|000007BB|0||||3.104|1052C5EC|e903a1434ea19b90
38|2025-12-09T12:27:43.2720000+08:00|1052C5EC|小祥客服|0064641E|145489|145489|10000|10000|0||0.25|190.75|-600.00|3.10|0|0|0|0A81|41E4FBE1|1052C5EC|0F0A|4165472E|1052C5EC|0901F0|40AD8934|1052C5EC|0307A2|41862AC3|1052C5EC|eb08311a864a283e
26|2025-12-09T12:27:43.2720000+08:00|1F0|结印|5.42|1052C5EC|小祥客服|1052C5EC|小祥客服|09|145489|145489|239b8f47d9d7e4b6
21|2025-12-09T12:27:43.7610000+08:00|1052C5EC|小祥客服|8DB|雷遁之术|40002D36|木人|554003|DE520000|100000F|A828000|0|0|0|0|0|0|0|0|0|0|0|0|44|44|0|10000|||0.32|188.99|-600.00|-3.14|145489|145489|10000|10000|||0.25|190.75|-600.00|3.10|000007BC|0|1|00||01|8DB|8DB|0.600|FE73|dff712a6f6e8b1f2
264|2025-12-09T12:27:43.7610000+08:00|1052C5EC|08DB|000007BC|0||||3.104|40002D36|17d5c96db9bbdffe
38|2025-12-09T12:27:43.7610000+08:00|1052C5EC|小祥客服|0064641E|145489|145489|10000|10000|0||0.25|190.75|-600.00|3.10|0|0|0|0A81|41E11472|1052C5EC|0F0A|415D7857|1052C5EC|010A82|C1F00000|1052C5EC|0307A2|41824354|1052C5EC|5aab5a8cc64b01ef
30|2025-12-09T12:27:43.7610000+08:00|1F0|结印|0.00|1052C5EC|小祥客服|1052C5EC|小祥客服|09|145489|145489|7f945d3b3c04af6a
26|2025-12-09T12:27:43.7610000+08:00|A82|月影雷兽预备|30.00|1052C5EC|小祥客服|1052C5EC|小祥客服|01|145489|145489|77a15b71a689ca27
21|2025-12-09T12:27:43.9380000+08:00|1052C5EC|小祥客服|07|攻击|40002D36|木人|710003|11400000|0|0|0|0|0|0|0|0|0|0|0|0|0|0|44|44|0|10000|||0.32|188.99|-600.00|-3.14|145489|145489|10000|10000|||0.25|190.75|-600.00|3.10|000007BD|0|1|00||01|07|07|0.423|FE73|f692544f780a76a5
264|2025-12-09T12:27:43.9380000+08:00|1052C5EC|0007|000007BD|0||||3.104|40002D36|7dd540570dc48146
39|2025-12-09T12:27:44.3380000+08:00|40002D37|分身|145078|145078|10000|10000|||0.25|190.75|-600.00|3.10|2417ff7abbcbc759
21|2025-12-09T12:27:44.4270000+08:00|1052C5EC|小祥客服|9060|是生灭法|40002D36|木人|750003|CA7E0000|0|0|0|0|0|0|0|0|0|0|0|0|0|0|44|44|0|10000|||0.32|188.99|-600.00|-3.14|145489|145489|10000|10000|||0.25|190.75|-600.00|3.10|000007BE|0|1|00||01|9060|9060|0.600|FE73|0ab7ea52d49be133
264|2025-12-09T12:27:44.4270000+08:00|1052C5EC|9060|000007BE|0||||3.104|40002D36|d0401bb09a2b8777
38|2025-12-09T12:27:44.4270000+08:00|1052C5EC|小祥客服|0064641E|145489|145489|10000|10000|0||0.25|190.75|-600.00|3.10|0|0|0|0|0|0|0|0|0|010A82|C1F00000|1052C5EC|0307A2|4179DEB8|1052C5EC|7eb2c9ccb4d1c67a
30|2025-12-09T12:27:44.4270000+08:00|A81|命水|0.00|1052C5EC|小祥客服|1052C5EC|小祥客服|00|145489|145489|34ab9a3d4229da63
30|2025-12-09T12:27:44.4270000+08:00|F0A|秘技预备|0.00|1052C5EC|小祥客服|1052C5EC|小祥客服|00|145489|145489|4cb220bd59074f6a
31|2025-12-09T12:27:44.4270000+08:00|1052C5EC|1E001E|00|00|00|8ac7c6f1946b3da1
37|2025-12-09T12:27:44.4710000+08:00|1052C5EC|小祥客服|000007BC|145489|145489|10000|10000|0||0.25|190.76|-600.00|3.07|1E00|0|0|01|02000A82|01|41F00000|1052C5EC|d2eff7bc159a345b
38|2025-12-09T12:27:44.4710000+08:00|1052C5EC|小祥客服|0064641E|145489|145489|10000|10000|0||0.25|190.76|-600.00|3.07|0|0|0|0|0|0|0|0|0|010A82|41EFA3D7|1052C5EC|0307A2|41792666|1052C5EC|b450bf46649d81e1
21|2025-12-09T12:27:45.2700000+08:00|1052C5EC|小祥客服|64B2|月影雷兽牙|40002D36|木人|554003|CA620000|53E|9F8000|0|0|0|0|0|0|0|0|0|0|0|0|44|44|0|10000|||0.32|188.99|-600.00|-3.14|145489|145489|10000|10000|||0.26|190.92|-600.00|3.11|000007BF|0|1|00||01|64B2|64B2|0.600|FEA1|10676cbe9cc257da
264|2025-12-09T12:27:45.2700000+08:00|1052C5EC|64B2|000007BF|0||||3.108|40002D36|57ac1f961befa4ac
271|2025-12-09T12:27:45.2700000+08:00|40002D37|3.1079|00|00|0.2565|190.9163|-600.0000|8e036ae328355e7f
38|2025-12-09T12:27:45.2700000+08:00|1052C5EC|小祥客服|0064641E|145489|145489|10000|10000|0||0.26|190.92|-600.00|3.11|0|0|0|0|0|0|0|0|0|0|0|0|0207A2|416C5DB5|1052C5EC|cea71f8e276c5b28
30|2025-12-09T12:27:45.2700000+08:00|A82|月影雷兽预备|0.00|1052C5EC|小祥客服|1052C5EC|小祥客服|01|145489|145489|6a941f324f004f6d
26|2025-12-09T12:27:45.2700000+08:00|7A2|分身之术|14.77|1052C5EC|小祥客服|1052C5EC|小祥客服|02|145489|145489|b0aa1be447a6a295
31|2025-12-09T12:27:45.2700000+08:00|1052C5EC|23001E|00|00|00|be0383864085459b
261|2025-12-09T12:27:44.8940000+08:00|Change|40002D37|Heading|3.1080|ModelStatus|0|PosX|0.2565|PosY|190.9163|14461b9253283817
21|2025-12-09T12:27:45.3590000+08:00|40002D37|分身|6517|月影雷兽牙|40002D36|木人|550003|23730000|53E|9F8000|1B|65178000|0|0|0|0|0|0|0|0|0|0|44|44|0|10000|||0.32|188.99|-600.00|-3.14|145078|145078|10000|10000|||0.26|190.92|-600.00|3.11|000007C0|0|1|1052C5EC|小祥客服|01|6517|6517|2.366|FEA1|2934b1a12132643c
31|2025-12-09T12:27:45.3590000+08:00|1052C5EC|28001E|00|00|00|f5dc33e095f55c9d
264|2025-12-09T12:27:45.3590000+08:00|40002D37|6517|000007C0|0||||3.108|40002D36|162c02e1ada8ad8d
21|2025-12-09T12:27:46.1580000+08:00|1052C5EC|小祥客服|07|攻击|40002D36|木人|710003|12570000|0|0|0|0|0|0|0|0|0|0|0|0|0|0|44|44|0|10000|||0.32|188.99|-600.00|-3.14|145489|145489|10000|10000|||0.42|190.76|-600.00|2.65|000007C1|0|1|00||01|07|07|0.100|FDED|5f76af8d5ec32288
264|2025-12-09T12:27:46.1580000+08:00|1052C5EC|0007|000007C1|0||||3.091|40002D36|d6cd360387126f9e
38|2025-12-09T12:27:47.1360000+08:00|40002D36|木人|00010100|44|44|0|0|0||0.32|188.99|-600.00|-3.14|0|0|0|0F09|3EEF186B|1052C5EC|bd6755866a89481a
30|2025-12-09T12:27:47.1360000+08:00|F42|百雷铳|0.00|1052C5EC|小祥客服|40002D36|木人|00|44|145489|2c7015c63914fe29
39|2025-12-09T12:27:47.3580000+08:00|40002D37|分身|145078|145078|10000|10000|||0.26|190.92|-600.00|3.11|9f4a51944d030e72
21|2025-12-09T12:27:47.3580000+08:00|1052C5EC|小祥客服|DEB|强甲破点突|40002D36|木人|34714003|809C0000|23E|1478000|A3E|9F8000|53E|9F8000|11B|DEB8000|0|0|0|0|0|0|44|44|0|10000|||0.32|188.99|-600.00|-3.14|145489|145489|10000|10000|||1.88|189.34|-600.00|-1.79|000007C2|0|1|00||01|DEB|DEB|0.600|36EE|f77fe2ef1b678ce9
264|2025-12-09T12:27:47.3580000+08:00|1052C5EC|0DEB|000007C2|0||||-1.793|40002D36|8acab004d6dcc057
271|2025-12-09T12:27:47.3580000+08:00|40002D37|-1.7934|00|00|1.8780|189.3407|-600.0000|f937369632dc942f
38|2025-12-09T12:27:47.3580000+08:00|1052C5EC|小祥客服|0064641E|145489|145489|10000|10000|0||1.88|189.34|-600.00|-1.79|0|0|0|0|0|0|0|0|0|0|0|0|0107A2|414AF963|1052C5EC|d2c6c724c6eccd2c
26|2025-12-09T12:27:47.3580000+08:00|7A2|分身之术|12.69|1052C5EC|小祥客服|1052C5EC|小祥客服|01|145489|145489|4e2c49a413e8b275
31|2025-12-09T12:27:47.3580000+08:00|1052C5EC|37001E|02|00|00|558e852d72c0bfa6
21|2025-12-09T12:27:47.4470000+08:00|40002D37|分身|4409|强甲破点突|40002D36|木人|710003|1F9A0000|53E|9F8000|1B|44098000|0|0|0|0|0|0|0|0|0|0|44|44|0|10000|||0.32|188.99|-600.00|-3.14|145078|145078|10000|10000|||1.88|189.34|-600.00|-1.79|000007C3|0|1|1052C5EC|小祥客服|01|4409|4409|2.233|36EE|16e5adc533717b51
264|2025-12-09T12:27:47.4470000+08:00|40002D37|4409|000007C3|0||||-1.793|40002D36|01df118c7b64e2a3
31|2025-12-09T12:27:47.4470000+08:00|1052C5EC|3C001E|02|00|00|5aadb26a2b1f9e2a
38|2025-12-09T12:27:47.6240000+08:00|40002D36|木人|00010100|44|44|0|0|0||0.32|188.99|-600.00|-3.14|0|0|0|61060fe8a5bcffe6
30|2025-12-09T12:27:47.6240000+08:00|F09|介毒之术|0.00|1052C5EC|小祥客服|40002D36|木人|00|44|145489|b1d6f3475bf8affc
21|2025-12-09T12:27:48.1130000+08:00|1052C5EC|小祥客服|1CEA|六道轮回|40002D36|木人|754003|68C40000|0|0|0|0|0|0|0|0|0|0|0|0|0|0|44|44|0|10000|||0.32|188.99|-600.00|-3.14|145489|145489|10000|10000|||1.23|190.03|-600.00|-1.70|000007C4|0|1|00||01|1CEA|1CEA|0.600|2FCE|18d362640f9d3b3e
264|2025-12-09T12:27:48.1130000+08:00|1052C5EC|1CEA|000007C4|0||||-1.968|40002D36|07b65e6fb5690d02
31|2025-12-09T12:27:48.1130000+08:00|1052C5EC|A001E|02|00|00|6f12449f5e0281e2
21|2025-12-09T12:27:48.3790000+08:00|1052C5EC|小祥客服|07|攻击|40002D36|木人|710003|F060000|0|0|0|0|0|0|0|0|0|0|0|0|0|0|44|44|0|10000|||0.32|188.99|-600.00|-3.14|145489|145489|10000|10000|||-0.03|191.23|-600.00|-0.70|000007C5|0|1|00||01|07|07|0.334|5A49|fd757fc6cb5663b5
264|2025-12-09T12:27:48.3790000+08:00|1052C5EC|0007|000007C5|0||||-0.926|40002D36|b193c16ffe419b96
21|2025-12-09T12:27:49.4450000+08:00|1052C5EC|小祥客服|8C0|双刃旋|40002D36|木人|714003|503D0000|53E|9F8000|1B|8C08000|0|0|0|0|0|0|0|0|0|0|44|44|0|10000|||0.32|188.99|-600.00|-3.14|145489|145489|10000|10000|||0.10|191.22|-600.00|1.59|000007C6|0|1|00||01|8C0|8C0|0.600|FBFC|f5f85cf976fb65fd
264|2025-12-09T12:27:49.4450000+08:00|1052C5EC|08C0|000007C6|0||||3.043|40002D36|bc23c8d3c5bf31e1
271|2025-12-09T12:27:49.4450000+08:00|40002D37|3.0430|00|00|0.1003|191.2236|-600.0000|7eca956be8071bd1
38|2025-12-09T12:27:49.4450000+08:00|1052C5EC|小祥客服|0064641E|145489|145489|10000|10000|0||0.10|191.22|-600.00|1.59|0|0|0|b64ec2ac9a0729d4
30|2025-12-09T12:27:49.4450000+08:00|7A2|分身之术|0.00|1052C5EC|小祥客服|1052C5EC|小祥客服|01|145489|145489|2127b6b09e8f60d8
31|2025-12-09T12:27:49.4450000+08:00|1052C5EC|F001E|02|00|00|030ab8cee6ad6880
21|2025-12-09T12:27:49.5340000+08:00|40002D37|分身|4405|双刃旋|40002D36|木人|710003|1F530000|53E|9F8000|1B|44058000|0|0|0|0|0|0|0|0|0|0|44|44|0|10000|||0.32|188.99|-600.00|-3.14|145078|145078|10000|10000|||0.10|191.22|-600.00|3.04|000007C7|0|1|1052C5EC|小祥客服|01|4405|4405|1.966|FBFC|57de7a26fc8e9ef4
264|2025-12-09T12:27:49.5340000+08:00|40002D37|4405|000007C7|0||||3.043|40002D36|6a6a9fe9423b6595
31|2025-12-09T12:27:49.5340000+08:00|1052C5EC|14001E|02|00|00|8664d76b0b806620
39|2025-12-09T12:27:50.3340000+08:00|40002D37|分身|145078|145078|10000|10000|||0.10|191.22|-600.00|3.04|76d6ca755ccf08ff
21|2025-12-09T12:27:50.5560000+08:00|1052C5EC|小祥客服|07|攻击|40002D36|木人|710003|10580000|0|0|0|0|0|0|0|0|0|0|0|0|0|0|44|44|0|10000|||0.32|188.99|-600.00|-3.14|145489|145489|10000|10000|||0.10|191.22|-600.00|3.04|000007C8|0|1|00||01|07|07|0.100|FBFC|7c64b7414a6edbcb
264|2025-12-09T12:27:50.5560000+08:00|1052C5EC|0007|000007C8|0||||3.043|40002D36|60e4f4fc4e8cc5da
261|2025-12-09T12:27:51.0790000+08:00|Change|40002D37|Heading|3.0431|ModelStatus|8388608|PosX|0.1003|PosY|191.2236|0b5c30e49ac8656f
21|2025-12-09T12:27:51.5780000+08:00|1052C5EC|小祥客服|8C2|绝风|40002D36|木人|28712003|80720000|53E|9F8000|11B|8C28000|0|0|0|0|0|0|0|0|0|0|44|44|0|10000|||0.32|188.99|-600.00|-3.14|145489|145489|10000|10000|||0.10|191.06|-600.00|3.03|000007C9|0|1|00||01|8C2|8C2|0.600|FB9E|b215a4a8b8bb35d1
264|2025-12-09T12:27:51.5780000+08:00|1052C5EC|08C2|000007C9|0||||3.034|40002D36|923b4f92e4f66d05
31|2025-12-09T12:27:51.5780000+08:00|1052C5EC|1719001E|02|00|00|ed0cce3c31126e60
31|2025-12-09T12:27:51.6220000+08:00|1052C5EC|19001E|02|00|00|a2ad0394aa4c9a52
04|2025-12-09T12:27:51.4080000+08:00|40002D37|分身|00|64|1052C5EC|00||8313|10897|145078|145078|10000|10000|||0.10|191.22|-600.00|3.04|1c51b301ee96bc6e
261|2025-12-09T12:27:51.4080000+08:00|Remove|40002D37|c1f7fc45e7a991ae
21|2025-12-09T12:27:52.7330000+08:00|1052C5EC|小祥客服|07|攻击|40002D36|木人|710003|10760000|0|0|0|0|0|0|0|0|0|0|0|0|0|0|44|44|0|10000|||0.32|188.99|-600.00|-3.14|145489|145489|10000|10000|||0.10|191.06|-600.00|3.03|000007CA|0|1|00||01|07|07|0.100|FB9E|c6d74bc51bbdf784
264|2025-12-09T12:27:52.7330000+08:00|1052C5EC|0007|000007CA|0||||3.034|40002D36|1287757830701c3c
21|2025-12-09T12:27:53.6670000+08:00|1052C5EC|小祥客服|8CF|旋风刃|40002D36|木人|2A716003|D2360000|A3E|9F8000|53E|9F8000|11B|8CF8000|0|0|0|0|0|0|0|0|44|44|0|10000|||0.32|188.99|-600.00|-3.14|145489|145489|10000|10000|||0.10|191.06|-600.00|3.03|000007CB|0|1|00||01|8CF|8CF|0.600|FB9E|2957b996ae670a41
264|2025-12-09T12:27:53.6670000+08:00|1052C5EC|08CF|000007CB|0||||3.034|40002D36|d788fd693ba443a6
31|2025-12-09T12:27:53.6670000+08:00|1052C5EC|28001E|01|00|00|d56d7516bdf35e51
21|2025-12-09T12:27:54.9120000+08:00|1052C5EC|小祥客服|07|攻击|40002D36|木人|710003|FE30000|0|0|0|0|0|0|0|0|0|0|0|0|0|0|44|44|0|10000|||0.32|188.99|-600.00|-3.14|145489|145489|10000|10000|||0.09|191.34|-600.00|-0.02|000007CC|0|1|00||01|07|07|0.100|7F8B|ecdd99db26055b83
264|2025-12-09T12:27:54.9120000+08:00|1052C5EC|0007|000007CC|0||||-0.011|40002D36|bd8b948d26e5f2ef
260|2025-12-09T12:27:56.5020000+08:00|1|0|0|1|c913bca85dce84c2
38|2025-12-09T12:27:56.9560000+08:00|40002D36|木人|00010100|44|44|0|0|0||0.32|188.99|-600.00|-3.14|0|0|0|eb95894d7dbdb16d
261|2025-12-09T12:27:56.7160000+08:00|Change|40002D36|NPCTargetID|E0000000|17af94283603a318
261|2025-12-09T12:27:56.9410000+08:00|Change|1052C5EC|Heading|-0.0236|PCTargetID|0|PosX|0.0011|PosY|195.2868|1923e57c3d3894eb
260|2025-12-09T12:28:01.8420000+08:00|0|0|1|0|04051cfbb17bc781
261|2025-12-09T12:28:05.9480000+08:00|Change|1052C5EC|Heading|1.6103|PCTargetID|40002D36|PosX|-3.6530|PosY|200.0997|PosZ|-598.2623|2bc3a54a126e1e88
21|2025-12-09T12:28:12.9140000+08:00|1052C5EC|小祥客服|8D3|天之印|1052C5EC|小祥客服|100000E|1F08000|0|0|0|0|0|0|0|0|0|0|0|0|0|0|145489|145489|10000|10000|||0.39|193.68|-600.00|-3.11|145489|145489|10000|10000|||0.39|193.68|-600.00|-3.11|000007CD|0|1|00||01|8D3|8D3|0.350|0171|86a0d5f18284aba8
38|2025-12-09T12:28:12.9140000+08:00|1052C5EC|小祥客服|0064641E|145489|145489|10000|10000|0||0.39|193.68|-600.00|-3.11|0|0|0|0101F0|40C00000|1052C5EC|3a8810b92e1d95bd
26|2025-12-09T12:28:12.9140000+08:00|1F0|结印|6.00|1052C5EC|小祥客服|1052C5EC|小祥客服|01|145489|145489|fb4007b322735e84
264|2025-12-09T12:28:12.9140000+08:00|1052C5EC|08D3|000007CD|0||||-3.106|1052C5EC|1acd57d1c2cedd96
21|2025-12-09T12:28:13.4480000+08:00|1052C5EC|小祥客服|4976|地之印|1052C5EC|小祥客服|900000E|1F08000|0|0|0|0|0|0|0|0|0|0|0|0|0|0|145489|145489|10000|10000|||0.39|193.68|-600.00|-3.11|145489|145489|10000|10000|||0.39|193.68|-600.00|-3.11|000007CE|0|1|00||01|4976|4976|0.350|0171|eed68b43143d1b88
38|2025-12-09T12:28:13.4480000+08:00|1052C5EC|小祥客服|0064641E|145489|145489|10000|10000|0||0.39|193.68|-600.00|-3.11|0|0|0|0901F0|40AEE976|1052C5EC|6f14dc8172c0c458
264|2025-12-09T12:28:13.4480000+08:00|1052C5EC|4976|000007CE|0||||-3.106|1052C5EC|07aa938b1983ce87
26|2025-12-09T12:28:13.4480000+08:00|1F0|结印|5.47|1052C5EC|小祥客服|1052C5EC|小祥客服|09|145489|145489|d6bdd92629b56b1f
21|2025-12-09T12:28:13.9370000+08:00|1052C5EC|小祥客服|4977|人之印|1052C5EC|小祥客服|3900000E|1F08000|0|0|0|0|0|0|0|0|0|0|0|0|0|0|145489|145489|10000|10000|||0.39|193.68|-600.00|-3.11|145489|145489|10000|10000|||0.39|193.68|-600.00|-3.11|000007CF|0|1|00||01|4977|4977|0.350|0171|0d32241f054fa94f
264|2025-12-09T12:28:13.9370000+08:00|1052C5EC|4977|000007CF|0||||-3.106|1052C5EC|695dfbeb4fc97fc9
38|2025-12-09T12:28:13.9370000+08:00|1052C5EC|小祥客服|0064641E|145489|145489|10000|10000|0||0.39|193.68|-600.00|-3.11|0|0|0|3901F0|409F4BC1|1052C5EC|b9f885584c5fa8dd
26|2025-12-09T12:28:13.9370000+08:00|1F0|结印|4.98|1052C5EC|小祥客服|1052C5EC|小祥客服|39|145489|145489|7a05cbd9fa4c8e25
21|2025-12-09T12:28:14.4700000+08:00|1052C5EC|小祥客服|8DF|水遁之术|40002D36|木人|654003|93E70000|F|F088000|0|0|0|0|0|0|0|0|0|0|0|0|44|44|0|10000|||0.32|188.99|-600.00|-3.14|145489|145489|10000|10000|||0.39|193.68|-600.00|-3.13|000007D0|0|1|00||01|8DF|8DF|0.600|0090|2e412850fc20871f
264|2025-12-09T12:28:14.4700000+08:00|1052C5EC|08DF|000007D0|0||||-3.128|40002D36|78ee5a55764ec4ca
38|2025-12-09T12:28:14.4700000+08:00|1052C5EC|小祥客服|0064641E|145489|145489|10000|10000|0||0.39|193.68|-600.00|-3.13|0|0|0|0F08|C1A00000|1052C5EC|3f820f8638262514
30|2025-12-09T12:28:14.4700000+08:00|1F0|结印|0.00|1052C5EC|小祥客服|1052C5EC|小祥客服|39|145489|145489|d163b5a713806cc1
26|2025-12-09T12:28:14.4700000+08:00|F08|忍隐|20.00|1052C5EC|小祥客服|1052C5EC|小祥客服|00|145489|145489|23133dbb9350647a
260|2025-12-09T12:28:13.9490000+08:00|1|0|1|0|4e06008b3bc2e276
37|2025-12-09T12:28:15.4470000+08:00|1052C5EC|小祥客服|000007D0|145489|145489|10000|10000|0||0.39|193.73|-600.00|0.04|1E00|0|0|01|0F08|0|41A00000|1052C5EC|4159e08a8a612b19
261|2025-12-09T12:28:14.8770000+08:00|Change|40002D36|NPCTargetID|1052C5EC|d43226c6cde569bb
38|2025-12-09T12:28:15.4470000+08:00|1052C5EC|小祥客服|0064641E|145489|145489|10000|10000|0||0.39|193.73|-600.00|0.04|0|0|0|0F08|419FA5E3|1052C5EC|2146f65e2a110b24
260|2025-12-09T12:28:15.0020000+08:00|1|1|0|1|928741ba080b9991
261|2025-12-09T12:28:15.0020000+08:00|Change|1052C5EC|Heading|0.0355|PosX|0.3879|PosY|193.7325|PosZ|-600.0000|b003181fdf153d75
260|2025-12-09T12:28:17.3460000+08:00|1|0|0|1|293c5af12d7bfefb
38|2025-12-09T12:28:17.7090000+08:00|40002D36|木人|00010100|44|44|0|0|0||0.32|188.99|-600.00|-3.14|0|0|0|14014b29067d2577
261|2025-12-09T12:28:17.6300000+08:00|Change|1052C5EC|PCTargetID|0|PosX|0.5285|PosY|197.6899|PosZ|-600.0003|14e6d3738452019a
261|2025-12-09T12:28:18.1280000+08:00|Change|40002D36|NPCTargetID|E0000000|8db397cd2b5f04d9
41|2025-12-09T12:28:20.7680000+08:00|80030066|5FE|01|66|00|8ecb2f6d334105f2
261|2025-12-09T12:28:20.4830000+08:00|Change|1052C5EC|ModelStatus|512|33131b1f4e5d5243
00|2025-12-09T12:28:20.0000000+08:00|0839||“永久幽界中央终端”任务结束了。|6302fe61f79cb172
261|2025-12-09T12:28:21.6300000+08:00|Remove|1052C5EC|37a549b585bf2d01
261|2025-12-09T12:28:21.6300000+08:00|Remove|40002CF0|91faf37b962c5fd5
261|2025-12-09T12:28:21.6300000+08:00|Remove|40002CF1|2e993352e35e9124
261|2025-12-09T12:28:21.6300000+08:00|Remove|40002CF2|ebb6eb16e574104e
261|2025-12-09T12:28:21.6300000+08:00|Remove|40002CF3|f948a31541334805
261|2025-12-09T12:28:21.6300000+08:00|Remove|40002D36|0d990b4abf499498
261|2025-12-09T12:28:21.6300000+08:00|Remove|40002CFD|850970649097f7b8
31|2025-12-09T12:28:22.0750000+08:00|1052C5EC|1E|00|00|00|2b2cb9b0b2460d58
261|2025-12-09T12:28:22.1070000+08:00|Add|10479F2B|CastTargetID|E0000000|CurrentMP|10000|CurrentWorldID|1076|Heading|3.1389|Job|38|Level|100|MaxHP|128422|MaxMP|10000|ModelStatus|2304|Name|加奶加糖|NPCTargetID|E0000000|PosX|33.9140|PosY|40.9382|PosZ|1.2000|Radius|0.5000|Type|1|WorldID|1076|307a3892379f347c
31|2025-12-09T12:28:22.4780000+08:00|1052C5EC|1E|00|00|00|a0dee5ccd9f9f369
261|2025-12-09T12:28:22.1070000+08:00|Add|1052A271|CastTargetID|E0000000|CurrentMP|10000|CurrentWorldID|1076|Heading|-1.3882|Job|19|Level|100|MaxHP|231909|MaxMP|10000|ModelStatus|2048|Name|蚳蛊蛱杀|NPCTargetID|E0000000|PosX|42.1956|PosY|29.8866|PosZ|5.8677|Radius|0.5000|Type|1|WorldID|1076|49cbffb6713054d3
261|2025-12-09T12:28:22.1070000+08:00|Add|1052C5EC|CastTargetID|E0000000|CurrentMP|10000|CurrentWorldID|1076|Heading|-2.7162|Job|30|Level|100|MaxHP|145489|MaxMP|10000|ModelStatus|3072|Name|小祥客服|NPCTargetID|E0000000|PosX|42.7716|PosY|43.8978|PosZ|1.7631|Radius|0.5000|Type|1|WorldID|1076|ea289d26c9a9350d
260|2025-12-09T12:28:22.3030000+08:00|0|0|1|0|52dd1af33cde93cf
01|2025-12-09T12:28:22.6840000+08:00|84|格里达尼亚新街|c435cd65c90b814b
40|2025-12-09T12:28:22.6840000+08:00|2|黑衣森林|格里达尼亚新街||7c928e6a8be35ad9
265|2025-12-09T12:28:23.0691760+08:00|84|格里达尼亚新街|False|0|0|0|0|0|51fc187c14e0dac9
02|2025-12-09T12:28:22.6840000+08:00|1052C5EC|小祥客服|8fa984f43ee0ae89
03|2025-12-09T12:28:22.6840000+08:00|1052C5EC|小祥客服|1E|64|0000|434|BaiJinHuanXiang|0|0|145489|145489|10000|10000|||42.77|43.90|1.76|-2.72|36f0dd72ad3186f6
26|2025-12-09T12:28:22.6840000+08:00|F08|忍隐|20.00|1052C5EC|小祥客服|1052C5EC|小祥客服|00|145489|145489|61dda971f0ec0d23
03|2025-12-09T12:28:22.6840000+08:00|10479F2B|加奶加糖|26|64|0000|434|BaiJinHuanXiang|0|0|128422|128422|10000|10000|||33.91|40.94|1.20|3.14|f2dce2d89ee30b73
03|2025-12-09T12:28:22.6840000+08:00|1052A271|蚳蛊蛱杀|13|64|0000|434|BaiJinHuanXiang|0|0|231909|231909|10000|10000|||42.20|29.89|5.87|-1.39|7e12b36030f8aaa6
00|2025-12-09T12:28:22.0000000+08:00|0039||进入了休息区。|c41b8fd47374ba4a
261|2025-12-09T12:28:23.0050000+08:00|Change|10479F2B|ModelStatus|0|65d16670c2276548
261|2025-12-09T12:28:23.0050000+08:00|Change|1052A271|ModelStatus|0|ec52833b375c8a73
261|2025-12-09T12:28:23.1280000+08:00|Change|1052C5EC|ModelStatus|1024|PosZ|1.3072|d40dbd60c91405e8
42|2025-12-09T12:28:23.8680000+08:00|1052C5EC|小祥客服|0|0|0|378e6707248c2022
30|2025-12-09T12:28:23.8680000+08:00|F08|忍隐|0.00|1052C5EC|小祥客服|1052C5EC|小祥客服|00|145489|145489|220a4ceafa41ba4c
261|2025-12-09T12:28:24.0460000+08:00|Change|1052C5EC|ModelStatus|0|50e1fa44b7ba2e06
253|2025-12-09T14:15:58.9781391+08:00|FFXIV_ACT_Plugin Version: 2.7.4.6 (50BCD605C50A749F)|1b98fcae8413bddf
251|2025-12-09T14:15:58.9781391+08:00|Process ffxiv_dx11 (35608) 最终幻想XIV started on 2025/12/9 14:14:38 Found, Verifying.|fd66c04a18c435af
251|2025-12-09T14:15:58.9781391+08:00|Found possible FFXIV process 35608 with version file C:\WeGameApps\rail_apps\ffxiv(2000340)\game\ffxivgame.ver.|333491be4dc96224
251|2025-12-09T14:15:58.9781391+08:00|Process ffxiv_dx11 (35608) Verified.|93a908342e34d321
249|2025-12-09T14:15:58.9781391+08:00|Selected Language ID: Chinese, Disable Damage Shield: False, Disable Combine Pets: False, Parse Filter: Party, DoTCrits: False, RealDoTs: False|6ba88a1b3488e26c
249|2025-12-09T14:15:58.9781391+08:00|Selected Process ID: 0, Dump All Network Data: False, Disable Combat Log: False|5f2e6f04fd47dd3e
256|2025-12-09T14:16:12.3982395+08:00|256|OverlayPlugin|RegisterLogLine|1|96e7e2378008f6d7
251|2025-12-09T14:16:12.3982395+08:00|Process ffxiv_dx11 (35608) 最终幻想XIV started on 2025/12/9 14:14:38 Found, Verifying.|cd378c0836243de1
251|2025-12-09T14:16:12.3982395+08:00|Found possible FFXIV process 35608 with version file C:\WeGameApps\rail_apps\ffxiv(2000340)\game\ffxivgame.ver.|a10b1fe9ada7e8a4
251|2025-12-09T14:16:12.3982395+08:00|Process ffxiv_dx11 (35608) Verified.|ca2059f60630086a
251|2025-12-09T14:16:12.3982395+08:00|Found Signature [PartyList] at offset [027356E0]|6aebbbf74184fbd3
251|2025-12-09T14:16:12.3982395+08:00|Found Signature [MobArray] at offset [0272FD30]|a9e3ac08c7381854
251|2025-12-09T14:16:12.3982395+08:00|Found Signature [ChatLog] at offset [02060D40]|1c135e06d15a17ff
251|2025-12-09T14:16:12.3982395+08:00|Found Signature [Player] at offset [0294C758]|9bc1de24b945f7d3
251|2025-12-09T14:16:12.3982395+08:00|Found Signature [ServerTime] at offset [0277C080]|9cb5ae81748d5d5a
251|2025-12-09T14:16:12.3982395+08:00|Found Signature [MapID] at offset [027354F4]|a2df0e3373e35000
251|2025-12-09T14:16:12.3982395+08:00|Found Signature [ZoneID] at offset [0291D4D8]|097f9e21981c05a2
256|2025-12-09T14:16:12.9406245+08:00|257|OverlayPlugin|MapEffect|1|d606618cb98792fb
256|2025-12-09T14:16:12.9790186+08:00|258|OverlayPlugin|FateDirector|1|3a15ebc1b0210d81
256|2025-12-09T14:16:12.9826609+08:00|259|OverlayPlugin|CEDirector|1|b2b2bd28ff23f502
256|2025-12-09T14:16:12.9924241+08:00|260|OverlayPlugin|InCombat|1|85ae1ea197ee919d
256|2025-12-09T14:16:12.9974244+08:00|261|OverlayPlugin|CombatantMemory|1|2630c779f64ba18c
256|2025-12-09T14:16:12.9996556+08:00|262|OverlayPlugin|RSVData|1|a88687be5522b3a4
256|2025-12-09T14:16:12.9996556+08:00|263|OverlayPlugin|ActorCastExtra|1|b6a7711ea858cd12
256|2025-12-09T14:16:13.0009495+08:00|264|OverlayPlugin|AbilityExtra|1|f6465b94597700da
256|2025-12-09T14:16:13.0043835+08:00|265|OverlayPlugin|ContentFinderSettings|1|ee74dfce50e46a5e
256|2025-12-09T14:16:13.0063875+08:00|266|OverlayPlugin|NpcYell|1|ad9271743559c335
256|2025-12-09T14:16:13.0083876+08:00|267|OverlayPlugin|BattleTalk2|1|903af381b01dd554
256|2025-12-09T14:16:13.0105312+08:00|268|OverlayPlugin|Countdown|1|ac1946461f582d9e
256|2025-12-09T14:16:13.0140316+08:00|269|OverlayPlugin|CountdownCancel|1|2e6383be1e949a20
256|2025-12-09T14:16:13.0160304+08:00|270|OverlayPlugin|ActorMove|1|0931b80b116b9f28
256|2025-12-09T14:16:13.0185394+08:00|271|OverlayPlugin|ActorSetPos|1|71f847a5f3f9d105
256|2025-12-09T14:16:13.0205473+08:00|272|OverlayPlugin|NpcSpawnExtra|1|b83cf866806abc54
256|2025-12-09T14:16:13.0205473+08:00|273|OverlayPlugin|ActorControlExtra|1|10ebe8eadd02ef19
256|2025-12-09T14:16:13.0205473+08:00|274|OverlayPlugin|ActorControlSelfExtra|1|1d7e306c57a0541f
251|2025-12-09T14:16:13.0205473+08:00|Found VTable for [ChatLog] at address [1E4758101F0]|f62dc01ff7d1c722
251|2025-12-09T14:16:13.0205473+08:00|DeucalionInjector: Successfully injected Deucalion dll into process id 35608.|a0951b1dc119d85b
251|2025-12-09T14:16:13.0205473+08:00|DeucalionClient: Debug Channel 9000 Opcode Debug message: SERVER HELLO. VERSION: 1.4.0. HOOK STATUS: RECV ON. SEND ON. SEND_LOBBY ON. CREATE_TARGET ON.|839bfca5d4fb1f97
250|2025-12-09T14:16:13.0205473+08:00|Detected Process ID: 35608, Client Mode: FFXIV_64, IsAdmin: True, Game Version: 2025.10.23.0000.0000|4514fa51a49d68e6
251|2025-12-09T14:16:13.0205473+08:00|DeucalionClient: Debug Channel Lobby Opcode Debug message: Packet filters set: 0b00010010|4bddfc42410ac4e2
251|2025-12-09T14:16:13.0205473+08:00|DeucalionClient: Debug Channel 9000 Opcode Debug message: CHANGED NICKNAME: FFXIV_ACT_Plugin (subscriber 0)|db48b7b67220e4b0
01|2025-12-09T14:16:15.8780000+08:00|50C|永久幽界中央终端|6658d34b63ccd726
40|2025-12-09T14:16:15.8780000+08:00|1055|无失世界|中央终端|中央终端下层|ba5867b37403762d
02|2025-12-09T14:16:15.8780000+08:00|1052C5EC|小祥客服|c0f0f18a539da979
03|2025-12-09T14:16:15.8780000+08:00|1052C5EC|小祥客服|18|64|0000|434|BaiJinHuanXiang|0|0|137753|137753|10000|10000|||0.33|197.12|-600.00|3.14|a353b367b3858f64
12|2025-12-09T14:16:15.8780000+08:00|24|245|462|4877|462|5115|760|245|420|2731|5115|5115|1911|420|1262|420|40000BE01CDF89|2ffb22bd0e84b3d8
260|2025-12-09T14:16:16.6260000+08:00|0|0|1|1|c38d33f54b515b4d
261|2025-12-09T14:16:17.3050000+08:00|Add|1052C5EC|CastTargetID|E0000000|CurrentMP|10000|CurrentWorldID|1076|Heading|3.1415|Job|24|Level|100|MaxHP|137753|MaxMP|10000|Name|小祥客服|NPCTargetID|E0000000|PosX|0.3290|PosY|197.1189|PosZ|-600.0003|Radius|0.5000|Type|1|WorldID|1076|82b81607821863ab
261|2025-12-09T14:16:17.3050000+08:00|Add|40005D41|BNpcID|1E8536|CastDurationMax|0.0000|CastGroundTargetX|0.0000|CastGroundTargetZ|0.0000|CastTargetID|E020100|CurrentWorldID|58780|Heading|3.1416|Level|41|MaxMP|654311425|ModelStatus|256|NPCTargetID|740CFE01|PCTargetID|9482E68E|PosX|0.0200|PosY|196.8749|PosZ|-600.0000|Radius|0.5000|Type|7|WeaponId|173|WorldID|43400|d33c48d58ac5148d
261|2025-12-09T14:16:17.3050000+08:00|Add|40005D4D|BNpcID|1EB0CF|BNpcNameID|53FA1827|CastBuffID|2226907526|CastDurationCurrent|175192200000000.0000|CastDurationMax|0.0000|CastGroundTargetX|36.5254|CastGroundTargetY|146.2620|CastGroundTargetZ|146.0000|CastTargetID|32000000|CurrentMP|514|CurrentWorldID|6913|Heading|0.0000|IsCasting1|173|IsCasting2|233|Level|107|MaxMP|1761607681|Name|捷径|NPCTargetID|90E80010|PCTargetID|CC02A901|PosX|-11.0018|PosY|185.0156|PosZ|-600.0000|Radius|0.5000|Type|7|WeaponId|1|728204e659d4a1dd
261|2025-12-09T14:16:17.3050000+08:00|Add|40005D40|BNpcID|1E873C|CastBuffID|2291984037|CastDurationCurrent|12044430000000000000000000.0000|CastDurationMax|0.0000|CastGroundTargetX|-2451768000.0000|CastTargetID|36000000|IsCasting1|16|IsCasting2|230|Level|173|MaxMP|-1426063360|ModelStatus|2304|Name|捷径|NPCTargetID|431F421F|PCTargetID|10100|PosX|-11.0018|PosY|185.0156|PosZ|-599.9887|Radius|0.5000|Type|7|0d8d57e2ff99bfa1
261|2025-12-09T14:16:17.3050000+08:00|Add|40005D43|BNpcID|1E8FB8|BNpcNameID|42000000|CastBuffID|1425736192|CastDurationCurrent|0.0000|CastGroundTargetX|0.0000|CastGroundTargetZ|0.0000|CastTargetID|A1E80010|CurrentWorldID|256|Level|239|MaxMP|-318767103|ModelStatus|256|PosX|-0.7878|PosY|127.2259|PosZ|-389.4648|Radius|0.5000|Type|7|WorldID|5122|d20ae1428bfc2ae6
261|2025-12-09T14:16:17.3050000+08:00|Add|40005D42|BNpcID|1EAD8A|BNpcNameID|E5849AE7|CastBuffID|1209550872|CastDurationMax|0.0000|CastGroundTargetX|-365364800000000000000000.0000|CastGroundTargetY|0.0000|CastGroundTargetZ|0.0000|CastTargetID|851F841F|IsCasting2|24|Job|1|Level|49|MaxMP|788529152|ModelStatus|2304|NPCTargetID|100|PCTargetID|8D02|PosX|0.2122|PosY|127.2259|PosZ|-389.1948|Radius|0.5000|Type|7|69ce0e2cc9afc79b
33|2025-12-09T14:16:21.5250000+08:00|80030066|40000014|01|00|00|00|7a19ae15c39ad57b
265|2025-12-09T14:16:21.5250000+08:00|050C|永久幽界中央终端|True|0|0|0|1|0|89ed9a39e22c45ef
272|2025-12-09T14:16:21.8790000+08:00|40005D86|E0000000|0000|00|ef664e196dd49c87
261|2025-12-09T14:16:21.3710000+08:00|Add|40005D86|BNpcID|2DE0|BNpcNameID|21D|CastTargetID|E0000000|CurrentWorldID|65535|Heading|-3.1311|Level|1|MaxHP|44|ModelStatus|2048|Name|木人|NPCTargetID|E0000000|PosX|0.2990|PosY|192.7311|PosZ|-600.0000|Radius|1.0000|Type|2|WorldID|65535|09cfcc7854236860
03|2025-12-09T14:16:21.3710000+08:00|40005D86|木人|00|1|0000|00||541|11744|44|44|0|10000|||0.30|192.73|-600.00|-3.13|cf0733a2a7ab24b4
261|2025-12-09T14:16:21.6870000+08:00|Change|1052C5EC|Heading|0.0105|PCTargetID|40005D86|PosX|0.3204|PosY|194.7662|PosZ|-600.0000|399614e23fa8af0f
261|2025-12-09T14:16:23.1300000+08:00|Change|40005D86|ModelStatus|0|5146b9a73ea303f1
261|2025-12-09T14:16:28.2670000+08:00|Change|1052C5EC|CurrentMP|9600|Heading|-3.1316|PosX|0.3390|PosY|196.7178|PosZ|-600.0003|59322cf5e5022e08
21|2025-12-09T14:16:28.6210000+08:00|1052C5EC|小祥客服|4094|天辉|40005D86|木人|752003|246A0000|D8360E|74F0000|1B|40948000|0|0|0|0|0|0|0|0|0|0|44|44|0|10000|||0.30|192.73|-600.00|-3.13|137753|137753|10000|10000|||0.34|196.72|-600.00|-3.13|00001D85|0|1|00||01|4094|4094|0.600|0068|09887f09c33ea635
264|2025-12-09T14:16:28.6210000+08:00|1052C5EC|4094|00001D85|0||||-3.132|40005D86|e44710e1d0b6982d
260|2025-12-09T14:16:28.2670000+08:00|1|0|1|0|736a3e4352cda782
37|2025-12-09T14:16:29.9510000+08:00|40005D86|木人|00001D85|44|44|0|10000|0||0.30|192.73|-600.00|-3.13|0|0|0|01|074F|0|41F00000|1052C5EC|ea56e8024ffa1f0b
26|2025-12-09T14:16:29.9510000+08:00|74F|天辉|30.00|1052C5EC|小祥客服|40005D86|木人|00|44|137753|29b59b78578f3171
261|2025-12-09T14:16:29.6470000+08:00|Change|40005D86|NPCTargetID|1052C5EC|86df8f3c2b135116
260|2025-12-09T14:16:29.7430000+08:00|1|1|0|1|27dc42d05eccf33a
24|2025-12-09T14:16:30.4830000+08:00|40005D86|木人|DoT|0|196E|44|44|0|10000|||0.30|192.73|-600.00|-3.13|1052C5EC|小祥客服|FFFFFFFF|137753|137753|9600|10000|||0.34|196.80|-600.00|1.84|b2307190d20fe8c1
38|2025-12-09T14:16:30.4830000+08:00|40005D86|木人|00010100|44|44|0|0|0||0.30|192.73|-600.00|-3.13|0|0|0|074F|41EB624B|1052C5EC|d1bf5915c999b197
261|2025-12-09T14:16:30.5210000+08:00|Change|1052C5EC|CastBuffID|25859|CastDurationCurrent|0.0178|CastDurationMax|1.4410|CastTargetID|40005D86|Heading|-3.1315|IsCasting1|1|IsCasting2|1|PosX|0.3401|PosY|196.7978|3a367071458e34e5
20|2025-12-09T14:16:31.0150000+08:00|1052C5EC|小祥客服|6503|闪灼|40005D86|木人|1.441|0.34|196.80|-600.00|-3.13|68920864539191a6
263|2025-12-09T14:16:31.0150000+08:00|1052C5EC|6503|0.305|192.724|-599.902|-3.132|0552789eb4282b1d
39|2025-12-09T14:16:31.3700000+08:00|1052C5EC|小祥客服|137753|137753|9817|10000|||0.34|196.80|-600.00|-3.13|0096f152a043a43c
261|2025-12-09T14:16:31.5090000+08:00|Change|1052C5EC|CastDurationCurrent|1.0363|CurrentMP|9817|a14a8874fa27b410
21|2025-12-09T14:16:31.9470000+08:00|1052C5EC|小祥客服|6503|闪灼|40005D86|木人|750003|64420000|1B|65038000|0|0|0|0|0|0|0|0|0|0|0|0|44|44|0|10000|||0.30|192.73|-600.00|-3.13|137753|137753|9817|10000|||0.34|196.80|-600.00|-3.13|00001D86|0|1|00||01|6503|6503|0.100|0069|7e1e076d6e8e7b16
264|2025-12-09T14:16:31.9470000+08:00|1052C5EC|6503|00001D86|0||||-3.132|40005D86|4a4ac10eaade7304
21|2025-12-09T14:16:32.5670000+08:00|1052C5EC|小祥客服|88|神速咏唱|1052C5EC|小祥客服|EC0E|9D0000|300000F|F278000|0|0|0|0|0|0|0|0|0|0|0|0|137753|137753|9417|10000|||0.34|196.80|-600.00|-3.13|137753|137753|9417|10000|||0.34|196.80|-600.00|-3.13|00001D87|0|1|00||01|88|88|0.600|0069|28f05bdb29981353
264|2025-12-09T14:16:32.5670000+08:00|1052C5EC|0088|00001D87|0||||-3.132|1052C5EC|71e0a2c2cae3e68e
38|2025-12-09T14:16:32.5670000+08:00|1052C5EC|小祥客服|00646418|137753|137753|9417|10000|0||0.34|196.80|-600.00|-3.13|0|0|0|030F27|C1F00000|1052C5EC|2b0e8a93abb46055
26|2025-12-09T14:16:32.5670000+08:00|F27|闪飒预备|30.00|1052C5EC|小祥客服|1052C5EC|小祥客服|03|137753|137753|727c5b995123b09e
38|2025-12-09T14:16:32.8780000+08:00|1052C5EC|小祥客服|00646418|137753|137753|9417|10000|0||0.34|196.80|-600.00|-3.13|0|0|0|030F27|C1F00000|1052C5EC|e419acf2007b0e1b
261|2025-12-09T14:16:32.5070000+08:00|Change|1052C5EC|CastBuffID|0|CastDurationCurrent|0.0000|CastDurationMax|0.0000|CastTargetID|E0000000|CurrentMP|9417|IsCasting1|0|IsCasting2|0|cd2381fc8cff54df
37|2025-12-09T14:16:33.1000000+08:00|1052C5EC|小祥客服|00001D87|137753|137753|9417|10000|0||0.34|196.80|-600.00|-3.13|1800|0|0|02|0F27|03|41F00000|1052C5EC|0100009D|0|41700000|1052C5EC|c255e37edb4abf4b
26|2025-12-09T14:16:33.1000000+08:00|9D|神速咏唱|15.00|1052C5EC|小祥客服|1052C5EC|小祥客服|00|137753|137753|8bd955132d4b7c0d
38|2025-12-09T14:16:33.1000000+08:00|1052C5EC|小祥客服|00646418|137753|137753|9417|10000|0||0.34|196.80|-600.00|-3.13|0|0|0|030F27|41EFA5E3|1052C5EC|9D|416F4BC7|1052C5EC|2d1ac9a57310b3c6
21|2025-12-09T14:16:33.4100000+08:00|1052C5EC|小祥客服|9091|闪飒|40005D86|木人|750003|BC860000|1B|90918000|0|0|0|0|0|0|0|0|0|0|0|0|44|44|0|10000|||0.30|192.73|-600.00|-3.13|137753|137753|9417|10000|||0.34|196.80|-600.00|-3.13|00001D88|0|1|00||01|9091|9091|0.600|0069|a9894daa017f3f5e
264|2025-12-09T14:16:33.4100000+08:00|1052C5EC|9091|00001D88|0||||-3.132|40005D86|78d460a280cc024c
38|2025-12-09T14:16:33.4100000+08:00|1052C5EC|小祥客服|00646418|137753|137753|9417|10000|0||0.34|196.80|-600.00|-3.13|0|0|0|020F27|41ED28F4|1052C5EC|9D|416A51ED|1052C5EC|678563cf9eba1468
26|2025-12-09T14:16:33.4100000+08:00|F27|闪飒预备|29.65|1052C5EC|小祥客服|1052C5EC|小祥客服|02|137753|137753|ccc629916923a101
24|2025-12-09T14:16:33.4990000+08:00|40005D86|木人|DoT|0|19D9|44|44|0|10000|||0.30|192.73|-600.00|-3.13|1052C5EC|小祥客服|FFFFFFFF|137753|137753|9417|10000|||0.34|196.80|-600.00|-3.13|f99557c99055ff14
38|2025-12-09T14:16:33.4990000+08:00|40005D86|木人|00010100|44|44|0|0|0||0.30|192.73|-600.00|-3.13|0|0|0|074F|41D34177|1052C5EC|d0e75dc59b6ff0d7
22|2025-12-09T14:16:34.1200000+08:00|1052C5EC|小祥客服|DF3|法令|1052C5EC|小祥客服|200004|86B00000|B|1F40000|0|0|0|0|0|0|0|0|0|0|0|0|137753|137753|9417|10000|||0.34|196.80|-600.00|-3.13|137753|137753|9417|10000|||0.34|196.80|-600.00|-3.13|00001D89|0|2|00||01|DF3|DF3|0.600|0069|235f3a4e1b284665
22|2025-12-09T14:16:34.1200000+08:00|1052C5EC|小祥客服|DF3|法令|40005D86|木人|750003|6FB80000|0|0|0|0|0|0|0|0|0|0|0|0|0|0|44|44|0|10000|||0.30|192.73|-600.00|-3.13|137753|137753|9417|10000|||0.34|196.80|-600.00|-3.13|00001D89|1|2|00||01|DF3|DF3|0.600|0069|41c6c20e40440605
264|2025-12-09T14:16:34.1200000+08:00|1052C5EC|0DF3|00001D89|1|0.000|0.000|0.000|-3.132|1052C5EC|36664965d50f7aa6
39|2025-12-09T14:16:34.3860000+08:00|1052C5EC|小祥客服|137753|137753|9634|10000|||0.34|196.80|-600.00|-3.13|056d1948c7b7c8d8
261|2025-12-09T14:16:34.0020000+08:00|Change|1052C5EC|CurrentMP|9634|93824c9f84e07f06
37|2025-12-09T14:16:34.7850000+08:00|1052C5EC|小祥客服|00001D89|137753|137753|10000|10000|0||0.34|196.80|-600.00|-3.13|1800|0|0|0|9fa3e8ac664108a8
21|2025-12-09T14:16:35.3170000+08:00|1052C5EC|小祥客服|9091|闪飒|40005D86|木人|752003|14464001|1B|90918000|0|0|0|0|0|0|0|0|0|0|0|0|44|44|0|10000|||0.30|192.73|-600.00|-3.13|137753|137753|10000|10000|||0.34|196.80|-600.00|-3.13|00001D8A|0|1|00||01|9091|9091|0.600|0069|ed100e2c6a59412e
264|2025-12-09T14:16:35.3170000+08:00|1052C5EC|9091|00001D8A|0||||-3.132|40005D86|d073eabf1c48fa84
38|2025-12-09T14:16:35.3170000+08:00|1052C5EC|小祥客服|00646418|137753|137753|10000|10000|0||0.34|196.80|-600.00|-3.13|0|0|0|010F27|41DDE761|1052C5EC|9D|414BCEE3|1052C5EC|e598f4530aa11301
26|2025-12-09T14:16:35.3170000+08:00|F27|闪飒预备|27.74|1052C5EC|小祥客服|1052C5EC|小祥客服|01|137753|137753|b3c2e3289e3139fa
261|2025-12-09T14:16:35.0500000+08:00|Change|1052C5EC|CurrentMP|10000|bd4d1219919758e5
24|2025-12-09T14:16:36.5150000+08:00|40005D86|木人|DoT|0|1956|44|44|0|10000|||0.30|192.73|-600.00|-3.13|1052C5EC|小祥客服|FFFFFFFF|137753|137753|10000|10000|||0.34|196.80|-600.00|-3.13|5f15f0247c4a580b
38|2025-12-09T14:16:36.5150000+08:00|40005D86|木人|00010100|44|44|0|0|0||0.30|192.73|-600.00|-3.13|0|0|0|074F|41BB20A3|1052C5EC|27f8eace8fc86e08
21|2025-12-09T14:16:37.2690000+08:00|1052C5EC|小祥客服|9091|闪飒|40005D86|木人|750003|BD790000|1B|90918000|0|0|0|0|0|0|0|0|0|0|0|0|44|44|0|10000|||0.30|192.73|-600.00|-3.13|137753|137753|10000|10000|||0.34|196.80|-600.00|-3.13|00001D8B|0|1|00||01|9091|9091|0.600|0069|20f3a22a22f2cd56
264|2025-12-09T14:16:37.2690000+08:00|1052C5EC|9091|00001D8B|0||||-3.132|40005D86|7936476e71acb4b7
38|2025-12-09T14:16:37.2690000+08:00|1052C5EC|小祥客服|00646418|137753|137753|10000|10000|0||0.34|196.80|-600.00|-3.13|0|0|0|0|0|0|9D|412C9387|1052C5EC|00141588ae709f1f
30|2025-12-09T14:16:37.2690000+08:00|F27|闪飒预备|0.00|1052C5EC|小祥客服|1052C5EC|小祥客服|01|137753|137753|ae99439f99a1a073
24|2025-12-09T14:16:39.4870000+08:00|40005D86|木人|DoT|0|195F|44|44|0|10000|||0.30|192.73|-600.00|-3.13|1052C5EC|小祥客服|FFFFFFFF|137753|137753|10000|10000|||0.34|196.80|-600.00|-3.13|28268a340cfe1111
38|2025-12-09T14:16:39.4870000+08:00|40005D86|木人|00010100|44|44|0|0|0||0.30|192.73|-600.00|-3.13|0|0|0|074F|41A35BF8|1052C5EC|ae1a351b289a81f2
261|2025-12-09T14:16:39.4150000+08:00|Change|1052C5EC|CurrentMP|9600|bd9ead5a3bf6e991
21|2025-12-09T14:16:39.5760000+08:00|1052C5EC|小祥客服|89|再生|1052C5EC|小祥客服|D80C0E|9E0000|1B|898000|0|0|0|0|0|0|0|0|0|0|0|0|137753|137753|10000|10000|||0.34|196.80|-600.00|-3.13|137753|137753|10000|10000|||0.34|196.80|-600.00|-3.13|00001D8C|0|1|00||01|89|89|0.600|0069|fcaa1da3922e6cc4
264|2025-12-09T14:16:39.5760000+08:00|1052C5EC|0089|00001D8C|0||||-3.132|1052C5EC|f4c787f8bc18c801
39|2025-12-09T14:16:40.3740000+08:00|1052C5EC|小祥客服|137753|137753|9817|10000|||0.34|196.80|-600.00|-3.13|0f6a985aeb43c292
37|2025-12-09T14:16:40.5960000+08:00|1052C5EC|小祥客服|00001D8C|137753|137753|9817|10000|0||0.34|196.80|-600.00|-3.13|1800|0|0|01|9E|0|41900000|1052C5EC|9b08b7a8d51ec876
26|2025-12-09T14:16:40.5960000+08:00|9E|再生|18.00|1052C5EC|小祥客服|1052C5EC|小祥客服|00|137753|137753|f89ade6145311e91
261|2025-12-09T14:16:40.3530000+08:00|Change|1052C5EC|CurrentMP|9817|31ff305ac25155be
20|2025-12-09T14:16:41.4830000+08:00|1052C5EC|小祥客服|87|救疗|1052C5EC|小祥客服|1.537|0.34|196.80|-600.00|-3.13|88b787654a0dc8f7
263|2025-12-09T14:16:41.4830000+08:00|1052C5EC|0087|0.336|196.814|-600.025|-3.132|cc1545b877e894fd
261|2025-12-09T14:16:41.3180000+08:00|Change|1052C5EC|CastBuffID|135|CastDurationCurrent|0.2665|CastDurationMax|1.5370|CastTargetID|1052C5EC|IsCasting1|1|IsCasting2|1|d3bab02297769d47
24|2025-12-09T14:16:41.8820000+08:00|1052C5EC|小祥客服|HoT|0|37DC|137753|137753|9817|10000|||0.34|196.80|-600.00|-3.13|1052C5EC|小祥客服|0|137753|137753|9817|10000|||0.34|196.80|-600.00|-3.13|eaf80bd78ad4b433
38|2025-12-09T14:16:41.8820000+08:00|1052C5EC|小祥客服|00646418|137753|137753|9817|10000|0||0.34|196.80|-600.00|-3.13|0|0|0|9E|41855A16|1052C5EC|9D|40C58969|1052C5EC|e3cd88f48dee3b87
24|2025-12-09T14:16:42.5040000+08:00|40005D86|木人|DoT|0|1956|44|44|0|10000|||0.30|192.73|-600.00|-3.13|1052C5EC|小祥客服|FFFFFFFF|137753|137753|9817|10000|||0.34|196.80|-600.00|-3.13|864bbdb2589cf92c
21|2025-12-09T14:16:42.5040000+08:00|1052C5EC|小祥客服|87|救疗|1052C5EC|小祥客服|4|B3340000|1B|878000|0|0|0|0|0|0|0|0|0|0|0|0|137753|137753|9817|10000|||0.34|196.80|-600.00|-3.13|137753|137753|9817|10000|||0.34|196.80|-600.00|-3.13|00001D8D|0|1|00||01|87|87|0.100|0069|15d9b3fb0b892631
264|2025-12-09T14:16:42.5040000+08:00|1052C5EC|0087|00001D8D|0||||-3.132|1052C5EC|9d82d85c89e22c4e
38|2025-12-09T14:16:42.5040000+08:00|40005D86|木人|00010100|44|44|0|0|0||0.30|192.73|-600.00|-3.13|0|0|0|074F|418B3918|1052C5EC|f122c2563f50e62d
261|2025-12-09T14:16:42.2340000+08:00|Change|1052C5EC|CastDurationCurrent|1.2839|CurrentMP|8817|0e223a9ad1990d8b
39|2025-12-09T14:16:43.3910000+08:00|1052C5EC|小祥客服|137753|137753|9034|10000|||0.34|196.80|-600.00|-3.13|4ec26fecc0874639
261|2025-12-09T14:16:43.3320000+08:00|Change|1052C5EC|CastBuffID|0|CastDurationCurrent|0.0000|CastDurationMax|0.0000|CastTargetID|E0000000|CurrentMP|9034|IsCasting1|0|IsCasting2|0|ba9942af54bdb5ef
20|2025-12-09T14:16:44.1460000+08:00|1052C5EC|小祥客服|83|愈疗|1052C5EC|小祥客服|1.537|0.34|196.80|-600.00|-3.13|36ccf3b765096b9e
263|2025-12-09T14:16:44.1460000+08:00|1052C5EC|0083|0.336|196.814|-600.025|-3.132|a194342755edf332
261|2025-12-09T14:16:44.3120000+08:00|Change|1052C5EC|CastBuffID|131|CastDurationCurrent|0.7037|CastDurationMax|1.5370|CastTargetID|1052C5EC|IsCasting1|1|IsCasting2|1|cc6ed47c14f2b88d
24|2025-12-09T14:16:44.9000000+08:00|1052C5EC|小祥客服|HoT|0|39D7|137753|137753|9034|10000|||0.34|196.80|-600.00|-3.13|1052C5EC|小祥客服|0|137753|137753|9034|10000|||0.34|196.80|-600.00|-3.13|8bcc2b3b1bfc12a6
38|2025-12-09T14:16:44.9000000+08:00|1052C5EC|小祥客服|00646418|137753|137753|9034|10000|0||0.34|196.80|-600.00|-3.13|0|0|0|9E|415A6E8E|1052C5EC|9D|4049FC35|1052C5EC|937accf4dd9df4ac
21|2025-12-09T14:16:45.1660000+08:00|1052C5EC|小祥客服|83|愈疗|1052C5EC|小祥客服|4|87260000|1B|838000|0|0|0|0|0|0|0|0|0|0|0|0|137753|137753|9034|10000|||0.34|196.80|-600.00|-3.13|137753|137753|9034|10000|||0.34|196.80|-600.00|-3.13|00001D8E|0|1|00||01|83|83|0.100|0069|6b91de76faa52420
264|2025-12-09T14:16:45.1660000+08:00|1052C5EC|0083|00001D8E|0||||-3.132|1052C5EC|29e61a737493052b
24|2025-12-09T14:16:45.5210000+08:00|40005D86|木人|DoT|0|267A|44|44|0|10000|||0.30|192.73|-600.00|-3.13|1052C5EC|小祥客服|FFFFFFFF|137753|137753|7534|10000|||0.34|196.80|-600.00|-3.13|2159b074dab08e33
38|2025-12-09T14:16:45.5210000+08:00|40005D86|木人|00010100|44|44|0|0|0||0.30|192.73|-600.00|-3.13|0|0|0|074F|41662C88|1052C5EC|33f261a9e40828cb
261|2025-12-09T14:16:45.3510000+08:00|Change|1052C5EC|CastBuffID|0|CastDurationCurrent|0.0000|CastDurationMax|0.0000|CastTargetID|E0000000|CurrentMP|7534|IsCasting1|0|IsCasting2|0|5220f9d43910e5ac
39|2025-12-09T14:16:46.3640000+08:00|1052C5EC|小祥客服|137753|137753|7751|10000|||0.34|196.80|-600.00|-3.13|5e880dc3ae9c0d5d
261|2025-12-09T14:16:46.3630000+08:00|Change|1052C5EC|CurrentMP|7751|bdd5374f30fe977f
21|2025-12-09T14:16:47.5610000+08:00|1052C5EC|小祥客服|DF2|神名|1052C5EC|小祥客服|4|9D190000|0|0|0|0|0|0|0|0|0|0|0|0|0|0|137753|137753|7751|10000|||0.34|196.80|-600.00|-3.13|137753|137753|7751|10000|||0.34|196.80|-600.00|-3.13|00001D8F|0|1|00||01|DF2|DF2|0.600|0069|b7969822f1c1ccb2
264|2025-12-09T14:16:47.5610000+08:00|1052C5EC|0DF2|00001D8F|0||||-3.132|1052C5EC|725d3fcd2708ad87
24|2025-12-09T14:16:47.8720000+08:00|1052C5EC|小祥客服|HoT|0|5AB1|137753|137753|7751|10000|||0.34|196.80|-600.00|-3.13|1052C5EC|小祥客服|0|137753|137753|7751|10000|||0.34|196.80|-600.00|-3.13|5f41aed538711e28
38|2025-12-09T14:16:47.8720000+08:00|1052C5EC|小祥客服|00646418|137753|137753|7751|10000|0||0.34|196.80|-600.00|-3.13|0|0|0|9E|412AE14B|1052C5EC|9D|3E3C6F78|1052C5EC|b82af68b4d82572e
38|2025-12-09T14:16:48.0940000+08:00|1052C5EC|小祥客服|00646418|137753|137753|7751|10000|0||0.34|196.80|-600.00|-3.13|0|0|0|9E|412753FC|1052C5EC|53f3bc04951ea6d8
30|2025-12-09T14:16:48.0940000+08:00|9D|神速咏唱|0.00|1052C5EC|小祥客服|1052C5EC|小祥客服|00|137753|137753|534bc775dc97d24e
24|2025-12-09T14:16:48.4930000+08:00|40005D86|木人|DoT|0|196F|44|44|0|10000|||0.30|192.73|-600.00|-3.13|1052C5EC|小祥客服|FFFFFFFF|137753|137753|7751|10000|||0.34|196.80|-600.00|-3.13|294ed8538a30955b
38|2025-12-09T14:16:48.4930000+08:00|40005D86|木人|00010100|44|44|0|0|0||0.30|192.73|-600.00|-3.13|0|0|0|074F|41369B2C|1052C5EC|60ef6a79e0f51be0
21|2025-12-09T14:16:48.8480000+08:00|1052C5EC|小祥客服|DF2|神名|1052C5EC|小祥客服|4|99EF0000|0|0|0|0|0|0|0|0|0|0|0|0|0|0|137753|137753|7751|10000|||0.34|196.80|-600.00|-3.13|137753|137753|7751|10000|||0.34|196.80|-600.00|-3.13|00001D90|0|1|00||01|DF2|DF2|0.600|0069|265e104595f9e467
264|2025-12-09T14:16:48.8480000+08:00|1052C5EC|0DF2|00001D90|0||||-3.132|1052C5EC|cfe4ab4a300cc17d
39|2025-12-09T14:16:49.3800000+08:00|1052C5EC|小祥客服|137753|137753|7968|10000|||0.34|196.80|-600.00|-3.13|79e39e1b8b08232c
261|2025-12-09T14:16:48.9810000+08:00|Change|1052C5EC|CurrentMP|7968|3a7b38b7bbdbd09d
31|2025-12-09T14:16:49.9570000+08:00|1052C5EC|18|10000|00|00|2e3ffe844dc2a864
21|2025-12-09T14:16:50.8000000+08:00|1052C5EC|小祥客服|8C|天赐祝福|1052C5EC|小祥客服|4|1A194002|0|0|0|0|0|0|0|0|0|0|0|0|0|0|137753|137753|7968|10000|||0.34|196.80|-600.00|-3.13|137753|137753|7968|10000|||0.34|196.80|-600.00|-3.13|00001D91|0|1|00||01|8C|8C|0.600|0069|7fc525736696bac1
264|2025-12-09T14:16:50.8000000+08:00|1052C5EC|008C|00001D91|0||||-3.132|1052C5EC|47bc2c45f6cdfba6
24|2025-12-09T14:16:50.8880000+08:00|1052C5EC|小祥客服|HoT|0|39B0|137753|137753|7968|10000|||0.34|196.80|-600.00|-3.13|1052C5EC|小祥客服|0|137753|137753|7968|10000|||0.34|196.80|-600.00|-3.13|108abb0f8a2a170a
38|2025-12-09T14:16:50.8880000+08:00|1052C5EC|小祥客服|00646418|137753|137753|7968|10000|0||0.34|196.80|-600.00|-3.13|0|0|0|9E|40F53767|1052C5EC|47030c3d2c3b9aaa
24|2025-12-09T14:16:51.5090000+08:00|40005D86|木人|DoT|0|191A|44|44|0|10000|||0.30|192.73|-600.00|-3.13|1052C5EC|小祥客服|FFFFFFFF|137753|137753|7968|10000|||0.34|196.80|-600.00|-3.13|d88f38933d0fe659
38|2025-12-09T14:16:51.5090000+08:00|40005D86|木人|00010100|44|44|0|0|0||0.30|192.73|-600.00|-3.13|0|0|0|074F|410659B0|1052C5EC|95cc8f09742ce687
39|2025-12-09T14:16:52.3960000+08:00|1052C5EC|小祥客服|137753|137753|8185|10000|||0.34|196.80|-600.00|-3.13|65bc32adb397c80e
261|2025-12-09T14:16:51.7920000+08:00|Change|1052C5EC|CurrentMP|8185|3fb3ff4b0de686df
24|2025-12-09T14:16:53.8610000+08:00|1052C5EC|小祥客服|HoT|0|3B2A|137753|137753|8185|10000|||0.33|196.44|-600.00|-3.13|1052C5EC|小祥客服|0|137753|137753|8185|10000|||0.33|196.44|-600.00|-3.13|b88d1c802dee51ef
38|2025-12-09T14:16:53.8610000+08:00|1052C5EC|小祥客服|00646418|137753|137753|8185|10000|0||0.33|196.44|-600.00|-3.13|0|0|0|9E|40961CB6|1052C5EC|9e448c81e70bfa66
24|2025-12-09T14:16:54.4820000+08:00|40005D86|木人|DoT|0|1945|44|44|0|10000|||0.30|192.73|-600.00|-3.13|1052C5EC|小祥客服|FFFFFFFF|137753|137753|8185|10000|||0.33|196.44|-600.00|-3.13|11fcc2e10225819c
38|2025-12-09T14:16:54.4820000+08:00|40005D86|木人|00010100|44|44|0|0|0||0.30|192.73|-600.00|-3.13|0|0|0|074F|40AD98B4|1052C5EC|c1809e2e06a1b6e1
38|2025-12-09T14:16:55.3250000+08:00|40005D86|木人|00010100|44|44|0|0|0||0.30|192.73|-600.00|-3.13|0|0|0|cd040abb9572da85
30|2025-12-09T14:16:55.3250000+08:00|74F|天辉|0.00|1052C5EC|小祥客服|40005D86|木人|00|44|137753|69cfdf2e2adf0d8e
260|2025-12-09T14:16:54.9120000+08:00|1|0|0|1|a1f955e4ee8afd10
39|2025-12-09T14:16:55.3690000+08:00|1052C5EC|小祥客服|137753|137753|8785|10000|||0.33|196.44|-600.00|-3.13|beaf616ee4c1adca
38|2025-12-09T14:16:55.4140000+08:00|40005D86|木人|00010100|44|44|0|0|0||0.30|192.73|-600.00|-3.13|0|0|0|05ffaab73e5b3c0a
261|2025-12-09T14:16:55.1320000+08:00|Change|40005D86|NPCTargetID|E0000000|eeb9b436053a086a
261|2025-12-09T14:16:55.5370000+08:00|Change|1052C5EC|CurrentMP|8785|Heading|-3.1269|PCTargetID|0|PosX|0.3348|PosY|196.4374|PosZ|-600.0000|4d737c250650ba52
24|2025-12-09T14:16:56.8770000+08:00|1052C5EC|小祥客服|HoT|0|389C|137753|137753|8785|10000|||0.33|196.44|-600.00|-3.13|1052C5EC|小祥客服|0|137753|137753|8785|10000|||0.33|196.44|-600.00|-3.13|8a591750341c9de2
38|2025-12-09T14:16:56.8770000+08:00|1052C5EC|小祥客服|00646418|137753|137753|8785|10000|0||0.33|196.44|-600.00|-3.13|0|0|0|9E|3FD645C6|1052C5EC|54ae390e3fa0d02f
39|2025-12-09T14:16:58.3850000+08:00|1052C5EC|小祥客服|137753|137753|9385|10000|||0.33|196.44|-600.00|-3.13|4aa840c7aa32ea15
38|2025-12-09T14:16:58.5620000+08:00|1052C5EC|小祥客服|00646418|137753|137753|9385|10000|0||0.33|196.44|-600.00|-3.13|0|0|0|1712b20f126ce11b
30|2025-12-09T14:16:58.5620000+08:00|9E|再生|0.00|1052C5EC|小祥客服|1052C5EC|小祥客服|00|137753|137753|889e1deae4d4ad63
41|2025-12-09T14:17:00.2930000+08:00|80030066|5FE|01|66|00|a7fe362bece6d70a
00|2025-12-09T14:16:59.0000000+08:00|0839||“永久幽界中央终端”任务结束了。|c9d08fb2edb2b17a
261|2025-12-09T14:17:00.0480000+08:00|Change|1052C5EC|CurrentMP|9385|ModelStatus|512|35ad93606e297fdf
260|2025-12-09T14:17:00.0480000+08:00|0|0|1|0|9b1502a1a9a2a20d
261|2025-12-09T14:17:01.3200000+08:00|Remove|40005D40|bfc9122c76ffc7f5
261|2025-12-09T14:17:01.3200000+08:00|Remove|40005D41|d3be5cce4d2d5553
261|2025-12-09T14:17:01.3200000+08:00|Remove|40005D42|8bb786fa734ca5f3
261|2025-12-09T14:17:01.3200000+08:00|Remove|40005D43|3cfbcd5cbe3cc0d8
261|2025-12-09T14:17:01.3200000+08:00|Remove|40005D86|1c2a2870efe71932
261|2025-12-09T14:17:01.3200000+08:00|Remove|1052C5EC|b984428cea2fa8ea
261|2025-12-09T14:17:01.3200000+08:00|Remove|40005D4D|289115a7370c1a89
31|2025-12-09T14:17:01.6080000+08:00|1052C5EC|18|00|00|00|e307a0bc3863e579
261|2025-12-09T14:17:01.8360000+08:00|Add|1052BD10|CastTargetID|E0000000|CurrentMP|10000|CurrentWorldID|1076|Heading|-2.2843|Job|42|Level|100|MaxHP|139499|MaxMP|10000|ModelStatus|2304|Name|沉入幽冥之城|NPCTargetID|E0000000|PosX|42.3324|PosY|36.8317|PosZ|2.0687|Radius|0.5000|Type|1|WorldID|1076|1bcbdbafb21bbd5c
261|2025-12-09T14:17:01.8360000+08:00|Add|1052AA64|CastTargetID|E0000000|CurrentMP|10000|CurrentWorldID|1076|Heading|-2.0465|Job|40|Level|100|MaxHP|146843|MaxMP|10000|ModelStatus|2048|Name|侵佔|NPCTargetID|E0000000|PosX|34.9288|PosY|98.2825|PosZ|-8.0000|Radius|0.5000|Type|1|WorldID|1076|e749228328d9b78a
31|2025-12-09T14:17:02.1450000+08:00|1052C5EC|18|00|00|00|9455b7f49539a57a
261|2025-12-09T14:17:01.8360000+08:00|Add|1052CF60|CastTargetID|E0000000|CurrentMP|10000|CurrentWorldID|1076|Heading|0.9392|Job|6|Level|2|MaxHP|95|MaxMP|10000|ModelStatus|2048|Name|镜子咩|NPCTargetID|E0000000|PosX|56.7561|PosY|47.6003|PosZ|-0.8644|Radius|0.5000|Type|1|WorldID|1076|7f176be78128b041
261|2025-12-09T14:17:01.8360000+08:00|Add|1052C5EC|CastTargetID|E0000000|CurrentMP|10000|CurrentWorldID|1076|Heading|-2.6974|Job|24|Level|100|MaxHP|137753|MaxMP|10000|ModelStatus|3072|Name|小祥客服|NPCTargetID|E0000000|PosX|42.6888|PosY|43.7239|PosZ|1.3227|Radius|0.5000|Type|1|WorldID|1076|3d57cfe525063a4c
261|2025-12-09T14:17:01.8360000+08:00|Add|10138C70|CastTargetID|E0000000|CurrentWorldID|1076|Heading|-2.0572|Job|16|Level|100|MaxHP|34822|ModelStatus|3072|Name|不二喵|NPCTargetID|E0000000|PosX|40.7977|PosY|32.0001|PosZ|1.1999|Radius|0.5000|Type|1|WorldID|1076|fce067836721e92f
261|2025-12-09T14:17:01.8360000+08:00|Add|1052CFF6|CastTargetID|E0000000|CurrentMP|10000|CurrentWorldID|1076|Heading|1.3967|Job|20|Level|100|MaxHP|157819|MaxMP|10000|ModelStatus|2048|Name|爱丽数码碳|NPCTargetID|E0000000|PosX|56.8175|PosY|46.6600|PosZ|-0.8228|Radius|0.5000|Type|1|WorldID|1076|b7cade08237d3796
261|2025-12-09T14:17:01.8360000+08:00|Add|1052CEE9|CastTargetID|E0000000|CurrentMP|10000|CurrentWorldID|1076|Heading|-1.9588|Job|32|Level|100|MaxHP|227738|MaxMP|10000|ModelStatus|2048|Name|渴痛|NPCTargetID|1052CF60|PosX|57.6820|PosY|48.2805|PosZ|-0.7593|Radius|0.5000|Type|1|WorldID|1173|836b3dd9dfb0aedf
01|2025-12-09T14:17:02.3940000+08:00|84|格里达尼亚新街|8c1a6ab486b620f2
40|2025-12-09T14:17:02.3940000+08:00|2|黑衣森林|格里达尼亚新街||efc020121df475d6
265|2025-12-09T14:17:01.8729277+08:00|84|格里达尼亚新街|False|0|0|0|0|0|3bf603235174a677
02|2025-12-09T14:17:02.3940000+08:00|1052C5EC|小祥客服|9d2a628b0b99335b
03|2025-12-09T14:17:02.3940000+08:00|1052C5EC|小祥客服|18|64|0000|434|BaiJinHuanXiang|0|0|137753|137753|10000|10000|||42.69|43.72|1.32|-2.70|e68caa3335998ac9
03|2025-12-09T14:17:02.3940000+08:00|1052BD10|沉入幽冥之城|2A|64|0000|434|BaiJinHuanXiang|0|0|139499|139499|10000|10000|||42.33|36.83|2.07|-2.28|5fa8c473ce86597b
03|2025-12-09T14:17:02.3940000+08:00|10138C70|不二喵|10|64|0000|434|BaiJinHuanXiang|0|0|34822|34822|0|10000|||40.80|32.00|1.20|-2.06|5889056a3182d844
03|2025-12-09T14:17:02.3940000+08:00|1052CF60|镜子咩|06|2|0000|434|BaiJinHuanXiang|0|0|95|95|10000|10000|||56.76|47.60|-0.86|0.94|5bf972cb6f797249
03|2025-12-09T14:17:02.3940000+08:00|1052CFF6|爱丽数码碳|14|64|0000|434|BaiJinHuanXiang|0|0|157819|157819|10000|10000|||56.82|46.66|-0.82|1.40|b8630d43191c9791
03|2025-12-09T14:17:02.3940000+08:00|1052CEE9|渴痛|20|64|0000|495|YuZhouHeYin|0|0|227738|227738|10000|10000|||57.68|48.28|-0.76|-1.96|44ef8d9df7b131ac
03|2025-12-09T14:17:02.3940000+08:00|1052AA64|侵佔|28|64|0000|434|BaiJinHuanXiang|0|0|146843|146843|10000|10000|||34.93|98.28|-8.00|-2.05|ed4cbdf336eba7e3
00|2025-12-09T14:17:01.0000000+08:00|0039||进入了休息区。|5ece95185e66114e
261|2025-12-09T14:17:02.9160000+08:00|Change|1052C5EC|ModelStatus|1024|PosZ|1.3227|1e1bff5a58d3b943
261|2025-12-09T14:17:02.9160000+08:00|Change|10138C70|ModelStatus|1024|PosZ|1.2000|0f0429df281f4481
261|2025-12-09T14:17:02.9160000+08:00|Change|1052CFF6|ModelStatus|0|3c49e2bce98275cd
261|2025-12-09T14:17:02.9160000+08:00|Change|1052CEE9|ModelStatus|0|PCTargetID|1052CF60|832b4148e7a9f933
42|2025-12-09T14:17:03.3990000+08:00|1052C5EC|小祥客服|0|0|0|8644428c42103788
261|2025-12-09T14:17:03.5700000+08:00|Change|1052BD10|ModelStatus|0|ef51a2f5b2efd12f
261|2025-12-09T14:17:03.5700000+08:00|Change|1052CF60|ModelStatus|0|e4271eb5aafef572
261|2025-12-09T14:17:03.5700000+08:00|Change|1052AA64|ModelStatus|0|7de8afd767ce6348
261|2025-12-09T14:17:03.9520000+08:00|Change|1052C5EC|ModelStatus|0|a2f4dc9a57e3ee1d
39|2025-12-09T14:17:04.4310000+08:00|1052CF60|镜子咩|95|95|10000|10000|||56.76|47.60|-0.86|0.94|46accc20696faba0
39|2025-12-09T14:17:07.4350000+08:00|1052CF60|镜子咩|95|95|10000|10000|||56.76|47.60|-0.86|0.94|553e2983fb9c186d
